Category: 🍄┃广东频道, Name: 广州综合, Total: 42, Valid: 0, Valid Percent: 0.00%, Whitelist: 0, IPv4: 0, IPv6: 42, Min Delay: -1 ms, Max Speed: 0.00 M/s, Avg Speed: 0.00 M/s, Max Resolution: None
Category: 🍄┃广东频道, Name: 广州新闻, Total: 23, Valid: 0, Valid Percent: 0.00%, Whitelist: 0, IPv4: 0, IPv6: 23, Min Delay: -1 ms, Max Speed: 0.00 M/s, Avg Speed: 0.00 M/s, Max Resolution: None
Category: 🍄┃广东频道, Name: 广州影视, Total: 10, Valid: 0, Valid Percent: 0.00%, Whitelist: 0, IPv4: 0, IPv6: 10, Min Delay: -1 ms, Max Speed: 0.00 M/s, Avg Speed: 0.00 M/s, Max Resolution: None
Category: 🍄┃广东频道, Name: 广州竞赛, Total: 25, Valid: 0, Valid Percent: 0.00%, Whitelist: 0, IPv4: 0, IPv6: 25, Min Delay: -1 ms, Max Speed: 0.00 M/s, Avg Speed: 0.00 M/s, Max Resolution: None
Category: 🍄┃广东频道, Name: 广州法治, Total: 14, Valid: 0, Valid Percent: 0.00%, Whitelist: 0, IPv4: 0, IPv6: 14, Min Delay: -1 ms, Max Speed: 0.00 M/s, Avg Speed: 0.00 M/s, Max Resolution: None
Category: 🍄┃广东频道, Name: 南国都市, Total: 2, Valid: 0, Valid Percent: 0.00%, Whitelist: 0, IPv4: 0, IPv6: 2, Min Delay: -1 ms, Max Speed: 0.00 M/s, Avg Speed: 0.00 M/s, Max Resolution: None
Category: 🍄┃广东频道, Name: 广东珠江, Total: 136, Valid: 1, Valid Percent: 0.74%, Whitelist: 0, IPv4: 1, IPv6: 135, Min Delay: 225 ms, Max Speed: 5.13 M/s, Avg Speed: 5.13 M/s, Max Resolution: 1920x1080
Category: 🍄┃广东频道, Name: 广东新闻, Total: 76, Valid: 0, Valid Percent: 0.00%, Whitelist: 0, IPv4: 0, IPv6: 76, Min Delay: -1 ms, Max Speed: 0.00 M/s, Avg Speed: 0.00 M/s, Max Resolution: None
Category: 🍄┃广东频道, Name: 广东卫视, Total: 99, Valid: 12, Valid Percent: 12.12%, Whitelist: 0, IPv4: 12, IPv6: 87, Min Delay: 87 ms, Max Speed: 11.98 M/s, Avg Speed: 6.19 M/s, Max Resolution: 1920x1080
Category: 🍄┃广东频道, Name: 广东民生, Total: 73, Valid: 0, Valid Percent: 0.00%, Whitelist: 0, IPv4: 0, IPv6: 73, Min Delay: -1 ms, Max Speed: 0.00 M/s, Avg Speed: 0.00 M/s, Max Resolution: None
Category: 🍄┃广东频道, Name: 大湾区卫视, Total: 77, Valid: 3, Valid Percent: 3.90%, Whitelist: 0, IPv4: 3, IPv6: 74, Min Delay: 106 ms, Max Speed: 10.53 M/s, Avg Speed: 9.60 M/s, Max Resolution: 1920x1080
Category: 🍄┃广东频道, Name: 广东体育, Total: 136, Valid: 0, Valid Percent: 0.00%, Whitelist: 0, IPv4: 0, IPv6: 136, Min Delay: -1 ms, Max Speed: 0.00 M/s, Avg Speed: 0.00 M/s, Max Resolution: None
Category: 🍄┃广东频道, Name: 江门综合, Total: 8, Valid: 0, Valid Percent: 0.00%, Whitelist: 0, IPv4: 0, IPv6: 8, Min Delay: -1 ms, Max Speed: 0.00 M/s, Avg Speed: 0.00 M/s, Max Resolution: None
Category: 🍄┃广东频道, Name: 佛山综合, Total: 16, Valid: 0, Valid Percent: 0.00%, Whitelist: 0, IPv4: 0, IPv6: 16, Min Delay: -1 ms, Max Speed: 0.00 M/s, Avg Speed: 0.00 M/s, Max Resolution: None
Category: 🍄┃广东频道, Name: 深圳卫视, Total: 46, Valid: 10, Valid Percent: 21.74%, Whitelist: 0, IPv4: 10, IPv6: 36, Min Delay: 89 ms, Max Speed: 11.07 M/s, Avg Speed: 5.70 M/s, Max Resolution: 1920x1080
Category: 🍄┃广东频道, Name: 汕头综合, Total: 9, Valid: 0, Valid Percent: 0.00%, Whitelist: 0, IPv4: 0, IPv6: 9, Min Delay: -1 ms, Max Speed: 0.00 M/s, Avg Speed: 0.00 M/s, Max Resolution: None
Category: 🍄┃广东频道, Name: 汕头经济, Total: 6, Valid: 0, Valid Percent: 0.00%, Whitelist: 0, IPv4: 0, IPv6: 6, Min Delay: -1 ms, Max Speed: 0.00 M/s, Avg Speed: 0.00 M/s, Max Resolution: None
Category: 🍄┃广东频道, Name: 纪实人文, Total: 3, Valid: 0, Valid Percent: 0.00%, Whitelist: 0, IPv4: 0, IPv6: 3, Min Delay: -1 ms, Max Speed: 0.00 M/s, Avg Speed: 0.00 M/s, Max Resolution: None
Category: 🍄┃广东频道, Name: 纪实科教, Total: 3, Valid: 0, Valid Percent: 0.00%, Whitelist: 0, IPv4: 0, IPv6: 3, Min Delay: -1 ms, Max Speed: 0.00 M/s, Avg Speed: 0.00 M/s, Max Resolution: None
Category: 🍄┃广东频道, Name: 金鹰纪实, Total: 18, Valid: 0, Valid Percent: 0.00%, Whitelist: 0, IPv4: 0, IPv6: 18, Min Delay: -1 ms, Max Speed: 0.00 M/s, Avg Speed: 0.00 M/s, Max Resolution: None
Category: 🍉┃咪咕频道, Name: CCTV-01咪咕, Total: 118, Valid: 26, Valid Percent: 22.03%, Whitelist: 0, IPv4: 26, IPv6: 92, Min Delay: 83 ms, Max Speed: 11.61 M/s, Avg Speed: 8.08 M/s, Max Resolution: 1920x1080
Category: 🍉┃咪咕频道, Name: CCTV-02咪咕, Total: 99, Valid: 20, Valid Percent: 20.20%, Whitelist: 0, IPv4: 20, IPv6: 79, Min Delay: 84 ms, Max Speed: 16.15 M/s, Avg Speed: 7.75 M/s, Max Resolution: 1920x1080
Category: 🍉┃咪咕频道, Name: CCTV-03咪咕, Total: 97, Valid: 11, Valid Percent: 11.34%, Whitelist: 0, IPv4: 11, IPv6: 86, Min Delay: 87 ms, Max Speed: 16.05 M/s, Avg Speed: 8.58 M/s, Max Resolution: 1920x1080
Category: 🍉┃咪咕频道, Name: CCTV-04咪咕, Total: 197, Valid: 30, Valid Percent: 15.23%, Whitelist: 0, IPv4: 30, IPv6: 167, Min Delay: 85 ms, Max Speed: 11.28 M/s, Avg Speed: 6.42 M/s, Max Resolution: 3840x2160
Category: 🍉┃咪咕频道, Name: CCTV-05咪咕, Total: 173, Valid: 21, Valid Percent: 12.14%, Whitelist: 0, IPv4: 21, IPv6: 152, Min Delay: 131 ms, Max Speed: 9.28 M/s, Avg Speed: 4.93 M/s, Max Resolution: 1920x1080
Category: 🍉┃咪咕频道, Name: CCTV-06咪咕, Total: 104, Valid: 16, Valid Percent: 15.38%, Whitelist: 0, IPv4: 16, IPv6: 88, Min Delay: 133 ms, Max Speed: 9.73 M/s, Avg Speed: 6.39 M/s, Max Resolution: 1920x1080
Category: 🍉┃咪咕频道, Name: CCTV-07咪咕, Total: 94, Valid: 14, Valid Percent: 14.89%, Whitelist: 0, IPv4: 14, IPv6: 80, Min Delay: 125 ms, Max Speed: 32.68 M/s, Avg Speed: 7.23 M/s, Max Resolution: 1920x1080
Category: 🍉┃咪咕频道, Name: CCTV-08咪咕, Total: 94, Valid: 19, Valid Percent: 20.21%, Whitelist: 0, IPv4: 19, IPv6: 75, Min Delay: 130 ms, Max Speed: 9.19 M/s, Avg Speed: 6.57 M/s, Max Resolution: 1920x1080
Category: 🍉┃咪咕频道, Name: CCTV-09咪咕, Total: 92, Valid: 12, Valid Percent: 13.04%, Whitelist: 0, IPv4: 12, IPv6: 80, Min Delay: 130 ms, Max Speed: 28.97 M/s, Avg Speed: 6.66 M/s, Max Resolution: 1920x1080
Category: 🍉┃咪咕频道, Name: CCTV-10咪咕, Total: 94, Valid: 17, Valid Percent: 18.09%, Whitelist: 0, IPv4: 17, IPv6: 77, Min Delay: 120 ms, Max Speed: 8.22 M/s, Avg Speed: 4.96 M/s, Max Resolution: 1920x1080
Category: 🍉┃咪咕频道, Name: CCTV-11咪咕, Total: 94, Valid: 12, Valid Percent: 12.77%, Whitelist: 0, IPv4: 12, IPv6: 82, Min Delay: 131 ms, Max Speed: 30.52 M/s, Avg Speed: 7.82 M/s, Max Resolution: 1920x1080
Category: 🍉┃咪咕频道, Name: CCTV-12咪咕, Total: 94, Valid: 13, Valid Percent: 13.83%, Whitelist: 0, IPv4: 13, IPv6: 81, Min Delay: 132 ms, Max Speed: 8.45 M/s, Avg Speed: 5.93 M/s, Max Resolution: 1920x1080
Category: 🍉┃咪咕频道, Name: CCTV-13咪咕, Total: 109, Valid: 19, Valid Percent: 17.43%, Whitelist: 0, IPv4: 19, IPv6: 90, Min Delay: 126 ms, Max Speed: 7.82 M/s, Avg Speed: 6.14 M/s, Max Resolution: 1920x1080
Category: 🍉┃咪咕频道, Name: CCTV-14咪咕, Total: 96, Valid: 12, Valid Percent: 12.50%, Whitelist: 0, IPv4: 12, IPv6: 84, Min Delay: 134 ms, Max Speed: 9.42 M/s, Avg Speed: 5.36 M/s, Max Resolution: 1920x1080
Category: 🍉┃咪咕频道, Name: CCTV-15咪咕, Total: 92, Valid: 10, Valid Percent: 10.87%, Whitelist: 0, IPv4: 10, IPv6: 82, Min Delay: 127 ms, Max Speed: 21.68 M/s, Avg Speed: 7.60 M/s, Max Resolution: 1920x1080
Category: 🍉┃咪咕频道, Name: CCTV-16咪咕, Total: 45, Valid: 8, Valid Percent: 17.78%, Whitelist: 0, IPv4: 8, IPv6: 37, Min Delay: 133 ms, Max Speed: 9.69 M/s, Avg Speed: 5.25 M/s, Max Resolution: 1920x1080
Category: 🍉┃咪咕频道, Name: CCTV-17咪咕, Total: 95, Valid: 13, Valid Percent: 13.68%, Whitelist: 0, IPv4: 13, IPv6: 82, Min Delay: 132 ms, Max Speed: 9.45 M/s, Avg Speed: 5.22 M/s, Max Resolution: 1920x1080
Category: 🍉┃咪咕频道, Name: CCTV-4咪咕欧洲, Total: 167, Valid: 0, Valid Percent: 0.00%, Whitelist: 0, IPv4: 0, IPv6: 167, Min Delay: -1 ms, Max Speed: 0.00 M/s, Avg Speed: 0.00 M/s, Max Resolution: None
Category: 🍉┃咪咕频道, Name: CCTV-4咪咕美洲, Total: 167, Valid: 0, Valid Percent: 0.00%, Whitelist: 0, IPv4: 0, IPv6: 167, Min Delay: -1 ms, Max Speed: 0.00 M/s, Avg Speed: 0.00 M/s, Max Resolution: None
Category: 🍉┃咪咕频道, Name: CCTV-5+咪咕, Total: 28, Valid: 3, Valid Percent: 10.71%, Whitelist: 0, IPv4: 3, IPv6: 25, Min Delay: 137 ms, Max Speed: 7.18 M/s, Avg Speed: 7.02 M/s, Max Resolution: 1920x1080
Category: 🍓┃央视频道, Name: CCTV-1, Total: 120, Valid: 0, Valid Percent: 0.00%, Whitelist: 0, IPv4: 0, IPv6: 120, Min Delay: -1 ms, Max Speed: 0.00 M/s, Avg Speed: 0.00 M/s, Max Resolution: None
Category: 🍓┃央视频道, Name: CCTV-2, Total: 107, Valid: 0, Valid Percent: 0.00%, Whitelist: 0, IPv4: 0, IPv6: 107, Min Delay: -1 ms, Max Speed: 0.00 M/s, Avg Speed: 0.00 M/s, Max Resolution: None
Category: 🍓┃央视频道, Name: CCTV-3, Total: 112, Valid: 0, Valid Percent: 0.00%, Whitelist: 0, IPv4: 0, IPv6: 112, Min Delay: -1 ms, Max Speed: 0.00 M/s, Avg Speed: 0.00 M/s, Max Resolution: None
Category: 🍓┃央视频道, Name: CCTV-4, Total: 204, Valid: 0, Valid Percent: 0.00%, Whitelist: 0, IPv4: 0, IPv6: 204, Min Delay: -1 ms, Max Speed: 0.00 M/s, Avg Speed: 0.00 M/s, Max Resolution: None
Category: 🍓┃央视频道, Name: CCTV-5, Total: 183, Valid: 0, Valid Percent: 0.00%, Whitelist: 0, IPv4: 0, IPv6: 183, Min Delay: -1 ms, Max Speed: 0.00 M/s, Avg Speed: 0.00 M/s, Max Resolution: None
Category: 🍓┃央视频道, Name: CCTV-5+, Total: 37, Valid: 0, Valid Percent: 0.00%, Whitelist: 0, IPv4: 0, IPv6: 37, Min Delay: -1 ms, Max Speed: 0.00 M/s, Avg Speed: 0.00 M/s, Max Resolution: None
Category: 🍓┃央视频道, Name: CCTV-6, Total: 115, Valid: 0, Valid Percent: 0.00%, Whitelist: 0, IPv4: 0, IPv6: 115, Min Delay: -1 ms, Max Speed: 0.00 M/s, Avg Speed: 0.00 M/s, Max Resolution: None
Category: 🍓┃央视频道, Name: CCTV-7, Total: 108, Valid: 0, Valid Percent: 0.00%, Whitelist: 0, IPv4: 0, IPv6: 108, Min Delay: -1 ms, Max Speed: 0.00 M/s, Avg Speed: 0.00 M/s, Max Resolution: None
Category: 🍓┃央视频道, Name: CCTV-8, Total: 101, Valid: 0, Valid Percent: 0.00%, Whitelist: 0, IPv4: 0, IPv6: 101, Min Delay: -1 ms, Max Speed: 0.00 M/s, Avg Speed: 0.00 M/s, Max Resolution: None
Category: 🍓┃央视频道, Name: CCTV-9, Total: 105, Valid: 0, Valid Percent: 0.00%, Whitelist: 0, IPv4: 0, IPv6: 105, Min Delay: -1 ms, Max Speed: 0.00 M/s, Avg Speed: 0.00 M/s, Max Resolution: None
Category: 🍓┃央视频道, Name: CCTV-10, Total: 104, Valid: 0, Valid Percent: 0.00%, Whitelist: 0, IPv4: 0, IPv6: 104, Min Delay: -1 ms, Max Speed: 0.00 M/s, Avg Speed: 0.00 M/s, Max Resolution: None
Category: 🍓┃央视频道, Name: CCTV-11, Total: 113, Valid: 0, Valid Percent: 0.00%, Whitelist: 0, IPv4: 0, IPv6: 113, Min Delay: -1 ms, Max Speed: 0.00 M/s, Avg Speed: 0.00 M/s, Max Resolution: None
Category: 🍓┃央视频道, Name: CCTV-12, Total: 109, Valid: 0, Valid Percent: 0.00%, Whitelist: 0, IPv4: 0, IPv6: 109, Min Delay: -1 ms, Max Speed: 0.00 M/s, Avg Speed: 0.00 M/s, Max Resolution: None
Category: 🍓┃央视频道, Name: CCTV-13, Total: 117, Valid: 0, Valid Percent: 0.00%, Whitelist: 0, IPv4: 0, IPv6: 117, Min Delay: -1 ms, Max Speed: 0.00 M/s, Avg Speed: 0.00 M/s, Max Resolution: None
Category: 🍓┃央视频道, Name: CCTV-14, Total: 109, Valid: 0, Valid Percent: 0.00%, Whitelist: 0, IPv4: 0, IPv6: 109, Min Delay: -1 ms, Max Speed: 0.00 M/s, Avg Speed: 0.00 M/s, Max Resolution: None
Category: 🍓┃央视频道, Name: CCTV-15, Total: 108, Valid: 0, Valid Percent: 0.00%, Whitelist: 0, IPv4: 0, IPv6: 108, Min Delay: -1 ms, Max Speed: 0.00 M/s, Avg Speed: 0.00 M/s, Max Resolution: None
Category: 🍓┃央视频道, Name: CCTV-16, Total: 41, Valid: 0, Valid Percent: 0.00%, Whitelist: 0, IPv4: 0, IPv6: 41, Min Delay: -1 ms, Max Speed: 0.00 M/s, Avg Speed: 0.00 M/s, Max Resolution: None
Category: 🍓┃央视频道, Name: CCTV-17, Total: 101, Valid: 0, Valid Percent: 0.00%, Whitelist: 0, IPv4: 0, IPv6: 101, Min Delay: -1 ms, Max Speed: 0.00 M/s, Avg Speed: 0.00 M/s, Max Resolution: None
Category: 🍓┃央视频道, Name: CETV-1, Total: 93, Valid: 3, Valid Percent: 3.23%, Whitelist: 0, IPv4: 3, IPv6: 90, Min Delay: 132 ms, Max Speed: 7.02 M/s, Avg Speed: 4.96 M/s, Max Resolution: 1920x1080
Category: 🍓┃央视频道, Name: CETV-2, Total: 78, Valid: 2, Valid Percent: 2.56%, Whitelist: 0, IPv4: 2, IPv6: 76, Min Delay: 136 ms, Max Speed: 7.20 M/s, Avg Speed: 7.17 M/s, Max Resolution: 1920x1080
Category: 🍓┃央视频道, Name: CETV-3, Total: 6, Valid: 0, Valid Percent: 0.00%, Whitelist: 0, IPv4: 0, IPv6: 6, Min Delay: -1 ms, Max Speed: 0.00 M/s, Avg Speed: 0.00 M/s, Max Resolution: None
Category: 🍓┃央视频道, Name: CETV-4, Total: 88, Valid: 3, Valid Percent: 3.41%, Whitelist: 0, IPv4: 3, IPv6: 85, Min Delay: 144 ms, Max Speed: 7.25 M/s, Avg Speed: 5.01 M/s, Max Resolution: 1920x1080
Category: 🐧┃卫视频道, Name: 东方卫视, Total: 115, Valid: 12, Valid Percent: 10.43%, Whitelist: 0, IPv4: 12, IPv6: 103, Min Delay: 128 ms, Max Speed: 8.70 M/s, Avg Speed: 5.58 M/s, Max Resolution: 1920x1080
Category: 🐧┃卫视频道, Name: 浙江卫视, Total: 149, Valid: 24, Valid Percent: 16.11%, Whitelist: 0, IPv4: 24, IPv6: 125, Min Delay: 130 ms, Max Speed: 12.74 M/s, Avg Speed: 5.03 M/s, Max Resolution: 1920x1080
Category: 🐧┃卫视频道, Name: 湖南卫视, Total: 174, Valid: 16, Valid Percent: 9.20%, Whitelist: 0, IPv4: 16, IPv6: 158, Min Delay: 73 ms, Max Speed: 15.30 M/s, Avg Speed: 4.30 M/s, Max Resolution: 3840x2160
Category: 🐧┃卫视频道, Name: 江苏卫视, Total: 113, Valid: 17, Valid Percent: 15.04%, Whitelist: 0, IPv4: 17, IPv6: 96, Min Delay: 133 ms, Max Speed: 7.22 M/s, Avg Speed: 4.74 M/s, Max Resolution: 3840x2160
Category: 🐧┃卫视频道, Name: 广东卫视, Total: 87, Valid: 0, Valid Percent: 0.00%, Whitelist: 0, IPv4: 0, IPv6: 87, Min Delay: -1 ms, Max Speed: 0.00 M/s, Avg Speed: 0.00 M/s, Max Resolution: None
Category: 🐧┃卫视频道, Name: 深圳卫视, Total: 36, Valid: 0, Valid Percent: 0.00%, Whitelist: 0, IPv4: 0, IPv6: 36, Min Delay: -1 ms, Max Speed: 0.00 M/s, Avg Speed: 0.00 M/s, Max Resolution: None
Category: 🐧┃卫视频道, Name: 香港卫视, Total: 13, Valid: 0, Valid Percent: 0.00%, Whitelist: 0, IPv4: 0, IPv6: 13, Min Delay: -1 ms, Max Speed: 0.00 M/s, Avg Speed: 0.00 M/s, Max Resolution: None
Category: 🐧┃卫视频道, Name: 北京卫视, Total: 114, Valid: 14, Valid Percent: 12.28%, Whitelist: 0, IPv4: 14, IPv6: 100, Min Delay: 71 ms, Max Speed: 8.69 M/s, Avg Speed: 4.86 M/s, Max Resolution: 1920x1080
Category: 🐧┃卫视频道, Name: 湖北卫视, Total: 105, Valid: 10, Valid Percent: 9.52%, Whitelist: 0, IPv4: 10, IPv6: 95, Min Delay: 134 ms, Max Speed: 13.20 M/s, Avg Speed: 4.17 M/s, Max Resolution: 1920x1080
Category: 🐧┃卫视频道, Name: 黑龙江卫视, Total: 40, Valid: 11, Valid Percent: 27.50%, Whitelist: 0, IPv4: 11, IPv6: 29, Min Delay: 124 ms, Max Speed: 7.32 M/s, Avg Speed: 4.22 M/s, Max Resolution: 1920x1080
Category: 🐧┃卫视频道, Name: 安徽卫视, Total: 37, Valid: 8, Valid Percent: 21.62%, Whitelist: 0, IPv4: 8, IPv6: 29, Min Delay: 132 ms, Max Speed: 7.29 M/s, Avg Speed: 4.62 M/s, Max Resolution: 1920x1080
Category: 🐧┃卫视频道, Name: 重庆卫视, Total: 37, Valid: 9, Valid Percent: 24.32%, Whitelist: 0, IPv4: 10, IPv6: 27, Min Delay: 141 ms, Max Speed: 7.34 M/s, Avg Speed: 3.76 M/s, Max Resolution: 1920x1080
Category: 🐧┃卫视频道, Name: 东南卫视, Total: 47, Valid: 8, Valid Percent: 17.02%, Whitelist: 0, IPv4: 8, IPv6: 39, Min Delay: 128 ms, Max Speed: 7.33 M/s, Avg Speed: 4.63 M/s, Max Resolution: 1920x1080
Category: 🐧┃卫视频道, Name: 甘肃卫视, Total: 29, Valid: 5, Valid Percent: 17.24%, Whitelist: 0, IPv4: 5, IPv6: 24, Min Delay: 133 ms, Max Speed: 7.41 M/s, Avg Speed: 7.02 M/s, Max Resolution: 1920x1080
Category: 🐧┃卫视频道, Name: 广西卫视, Total: 35, Valid: 4, Valid Percent: 11.43%, Whitelist: 0, IPv4: 4, IPv6: 31, Min Delay: 148 ms, Max Speed: 16.91 M/s, Avg Speed: 10.97 M/s, Max Resolution: 1920x1080
Category: 🐧┃卫视频道, Name: 贵州卫视, Total: 38, Valid: 10, Valid Percent: 26.32%, Whitelist: 0, IPv4: 10, IPv6: 28, Min Delay: 153 ms, Max Speed: 9.13 M/s, Avg Speed: 5.00 M/s, Max Resolution: 1920x1080
Category: 🐧┃卫视频道, Name: 海南卫视, Total: 143, Valid: 6, Valid Percent: 4.20%, Whitelist: 0, IPv4: 6, IPv6: 137, Min Delay: 129 ms, Max Speed: 7.54 M/s, Avg Speed: 6.04 M/s, Max Resolution: 1920x1080
Category: 🐧┃卫视频道, Name: 河北卫视, Total: 35, Valid: 7, Valid Percent: 20.00%, Whitelist: 0, IPv4: 7, IPv6: 28, Min Delay: 134 ms, Max Speed: 7.25 M/s, Avg Speed: 5.20 M/s, Max Resolution: 1920x1080
Category: 🐧┃卫视频道, Name: 河南卫视, Total: 100, Valid: 9, Valid Percent: 9.00%, Whitelist: 0, IPv4: 9, IPv6: 91, Min Delay: 126 ms, Max Speed: 7.45 M/s, Avg Speed: 5.12 M/s, Max Resolution: 1920x1080
Category: 🐧┃卫视频道, Name: 吉林卫视, Total: 104, Valid: 13, Valid Percent: 12.50%, Whitelist: 0, IPv4: 13, IPv6: 91, Min Delay: 133 ms, Max Speed: 7.46 M/s, Avg Speed: 4.99 M/s, Max Resolution: 1920x1080
Category: 🐧┃卫视频道, Name: 江西卫视, Total: 104, Valid: 8, Valid Percent: 7.69%, Whitelist: 0, IPv4: 8, IPv6: 96, Min Delay: 128 ms, Max Speed: 7.58 M/s, Avg Speed: 5.23 M/s, Max Resolution: 1920x1080
Category: 🐧┃卫视频道, Name: 辽宁卫视, Total: 102, Valid: 7, Valid Percent: 6.86%, Whitelist: 0, IPv4: 7, IPv6: 95, Min Delay: 132 ms, Max Speed: 7.24 M/s, Avg Speed: 4.11 M/s, Max Resolution: 1920x1080
Category: 🐧┃卫视频道, Name: 内蒙古卫视, Total: 76, Valid: 4, Valid Percent: 5.26%, Whitelist: 0, IPv4: 4, IPv6: 72, Min Delay: 123 ms, Max Speed: 7.56 M/s, Avg Speed: 7.19 M/s, Max Resolution: 1920x1080
Category: 🐧┃卫视频道, Name: 宁夏卫视, Total: 57, Valid: 4, Valid Percent: 7.02%, Whitelist: 0, IPv4: 4, IPv6: 53, Min Delay: 131 ms, Max Speed: 7.39 M/s, Avg Speed: 7.08 M/s, Max Resolution: 1920x1080
Category: 🐧┃卫视频道, Name: 青海卫视, Total: 116, Valid: 5, Valid Percent: 4.31%, Whitelist: 0, IPv4: 5, IPv6: 111, Min Delay: 134 ms, Max Speed: 7.03 M/s, Avg Speed: 6.89 M/s, Max Resolution: 1920x1080
Category: 🐧┃卫视频道, Name: 山东卫视, Total: 36, Valid: 8, Valid Percent: 22.22%, Whitelist: 0, IPv4: 8, IPv6: 28, Min Delay: 131 ms, Max Speed: 7.22 M/s, Avg Speed: 3.97 M/s, Max Resolution: 1920x1080
Category: 🐧┃卫视频道, Name: 山西卫视, Total: 27, Valid: 5, Valid Percent: 18.52%, Whitelist: 0, IPv4: 5, IPv6: 22, Min Delay: 137 ms, Max Speed: 7.00 M/s, Avg Speed: 6.31 M/s, Max Resolution: 1920x1080
Category: 🐧┃卫视频道, Name: 陕西卫视, Total: 89, Valid: 6, Valid Percent: 6.74%, Whitelist: 0, IPv4: 6, IPv6: 83, Min Delay: 134 ms, Max Speed: 15.09 M/s, Avg Speed: 7.73 M/s, Max Resolution: 1920x1080
Category: 🐧┃卫视频道, Name: 四川卫视, Total: 58, Valid: 10, Valid Percent: 17.24%, Whitelist: 0, IPv4: 10, IPv6: 48, Min Delay: 72 ms, Max Speed: 7.40 M/s, Avg Speed: 4.21 M/s, Max Resolution: 1920x1080
Category: 🐧┃卫视频道, Name: 三沙卫视, Total: 78, Valid: 4, Valid Percent: 5.13%, Whitelist: 0, IPv4: 4, IPv6: 74, Min Delay: 129 ms, Max Speed: 7.98 M/s, Avg Speed: 7.28 M/s, Max Resolution: 1920x1080
Category: 🐧┃卫视频道, Name: 天津卫视, Total: 40, Valid: 8, Valid Percent: 20.00%, Whitelist: 0, IPv4: 8, IPv6: 32, Min Delay: 128 ms, Max Speed: 7.42 M/s, Avg Speed: 4.62 M/s, Max Resolution: 1920x1080
Category: 🐧┃卫视频道, Name: 西藏卫视, Total: 22, Valid: 4, Valid Percent: 18.18%, Whitelist: 0, IPv4: 4, IPv6: 18, Min Delay: 127 ms, Max Speed: 7.47 M/s, Avg Speed: 7.25 M/s, Max Resolution: 1920x1080
Category: 🐧┃卫视频道, Name: 新疆卫视, Total: 29, Valid: 4, Valid Percent: 13.79%, Whitelist: 0, IPv4: 4, IPv6: 25, Min Delay: 126 ms, Max Speed: 7.30 M/s, Avg Speed: 7.02 M/s, Max Resolution: 1920x1080
Category: 🐧┃卫视频道, Name: 云南卫视, Total: 33, Valid: 7, Valid Percent: 21.21%, Whitelist: 0, IPv4: 7, IPv6: 26, Min Delay: 130 ms, Max Speed: 7.41 M/s, Avg Speed: 4.36 M/s, Max Resolution: 1920x1080
Category: 🚂┃湾区频道, Name: 翡翠台, Total: 228, Valid: 0, Valid Percent: 0.00%, Whitelist: 16, IPv4: 1, IPv6: 211, Min Delay: -1 ms, Max Speed: 0.00 M/s, Avg Speed: 0.00 M/s, Max Resolution: 1920x1080
Category: 🚂┃湾区频道, Name: iNews 新闻台, Total: 1, Valid: 0, Valid Percent: 0.00%, Whitelist: 0, IPv4: 0, IPv6: 1, Min Delay: -1 ms, Max Speed: 0.00 M/s, Avg Speed: 0.00 M/s, Max Resolution: None
Category: 🚂┃湾区频道, Name: J2, Total: 2, Valid: 0, Valid Percent: 0.00%, Whitelist: 0, IPv4: 0, IPv6: 2, Min Delay: -1 ms, Max Speed: 0.00 M/s, Avg Speed: 0.00 M/s, Max Resolution: None
Category: 🚂┃湾区频道, Name: 珍珠台, Total: 4, Valid: 0, Valid Percent: 0.00%, Whitelist: 0, IPv4: 0, IPv6: 4, Min Delay: -1 ms, Max Speed: 0.00 M/s, Avg Speed: 0.00 M/s, Max Resolution: None
Category: 🚂┃湾区频道, Name: 凤凰香港, Total: 131, Valid: 0, Valid Percent: 0.00%, Whitelist: 0, IPv4: 0, IPv6: 131, Min Delay: -1 ms, Max Speed: 0.00 M/s, Avg Speed: 0.00 M/s, Max Resolution: None
Category: 🚂┃湾区频道, Name: RHK 31, Total: 3, Valid: 0, Valid Percent: 0.00%, Whitelist: 0, IPv4: 0, IPv6: 3, Min Delay: -1 ms, Max Speed: 0.00 M/s, Avg Speed: 0.00 M/s, Max Resolution: None
Category: 🚂┃湾区频道, Name: VIUTV1, Total: 3, Valid: 0, Valid Percent: 0.00%, Whitelist: 0, IPv4: 0, IPv6: 3, Min Delay: -1 ms, Max Speed: 0.00 M/s, Avg Speed: 0.00 M/s, Max Resolution: None
Category: 🚂┃湾区频道, Name: RHK 32, Total: 4, Valid: 0, Valid Percent: 0.00%, Whitelist: 0, IPv4: 0, IPv6: 4, Min Delay: -1 ms, Max Speed: 0.00 M/s, Avg Speed: 0.00 M/s, Max Resolution: None
Category: 🚂┃湾区频道, Name: 凤凰卫视, Total: 8, Valid: 0, Valid Percent: 0.00%, Whitelist: 0, IPv4: 0, IPv6: 8, Min Delay: -1 ms, Max Speed: 0.00 M/s, Avg Speed: 0.00 M/s, Max Resolution: None
Category: 🚂┃湾区频道, Name: 凤凰资讯, Total: 140, Valid: 1, Valid Percent: 0.71%, Whitelist: 0, IPv4: 1, IPv6: 139, Min Delay: 233 ms, Max Speed: 0.47 M/s, Avg Speed: 0.47 M/s, Max Resolution: None
Category: 🚂┃湾区频道, Name: Viu6, Total: 3, Valid: 0, Valid Percent: 0.00%, Whitelist: 0, IPv4: 0, IPv6: 3, Min Delay: -1 ms, Max Speed: 0.00 M/s, Avg Speed: 0.00 M/s, Max Resolution: None
Category: 🚂┃湾区频道, Name: 公视, Total: 25, Valid: 1, Valid Percent: 4.00%, Whitelist: 0, IPv4: 1, IPv6: 24, Min Delay: 300 ms, Max Speed: 0.31 M/s, Avg Speed: 0.31 M/s, Max Resolution: 1920x1080
Category: 🚂┃湾区频道, Name: 民视, Total: 11, Valid: 1, Valid Percent: 9.09%, Whitelist: 0, IPv4: 1, IPv6: 10, Min Delay: 291 ms, Max Speed: 0.31 M/s, Avg Speed: 0.31 M/s, Max Resolution: 1920x1080
Category: 🚂┃湾区频道, Name: 中视, Total: 64, Valid: 1, Valid Percent: 1.56%, Whitelist: 0, IPv4: 1, IPv6: 63, Min Delay: 297 ms, Max Speed: 0.29 M/s, Avg Speed: 0.29 M/s, Max Resolution: 1920x1080
Category: 🚂┃湾区频道, Name: 华视, Total: 64, Valid: 1, Valid Percent: 1.56%, Whitelist: 0, IPv4: 1, IPv6: 63, Min Delay: 298 ms, Max Speed: 0.30 M/s, Avg Speed: 0.30 M/s, Max Resolution: 1920x1080
Category: 🚂┃湾区频道, Name: 台视, Total: 48, Valid: 0, Valid Percent: 0.00%, Whitelist: 0, IPv4: 0, IPv6: 48, Min Delay: -1 ms, Max Speed: 0.00 M/s, Avg Speed: 0.00 M/s, Max Resolution: None
Category: 🚂┃湾区频道, Name: tvbs, Total: 1, Valid: 0, Valid Percent: 0.00%, Whitelist: 0, IPv4: 0, IPv6: 1, Min Delay: -1 ms, Max Speed: 0.00 M/s, Avg Speed: 0.00 M/s, Max Resolution: None
Category: 🚂┃湾区频道, Name: 凤凰中文, Total: 143, Valid: 1, Valid Percent: 0.70%, Whitelist: 0, IPv4: 1, IPv6: 142, Min Delay: 527 ms, Max Speed: 0.19 M/s, Avg Speed: 0.19 M/s, Max Resolution: None
Category: 🚂┃湾区频道, Name: tvN, Total: 26, Valid: 0, Valid Percent: 0.00%, Whitelist: 0, IPv4: 0, IPv6: 26, Min Delay: -1 ms, Max Speed: 0.00 M/s, Avg Speed: 0.00 M/s, Max Resolution: None
Category: 🚂┃湾区频道, Name: PopC, Total: 1, Valid: 0, Valid Percent: 0.00%, Whitelist: 0, IPv4: 0, IPv6: 1, Min Delay: -1 ms, Max Speed: 0.00 M/s, Avg Speed: 0.00 M/s, Max Resolution: None
Category: 🚂┃湾区频道, Name: 明珠台, Total: 115, Valid: 0, Valid Percent: 0.00%, Whitelist: 0, IPv4: 0, IPv6: 115, Min Delay: -1 ms, Max Speed: 0.00 M/s, Avg Speed: 0.00 M/s, Max Resolution: None
Category: 🚂┃湾区频道, Name: 无线明珠, Total: 16, Valid: 0, Valid Percent: 0.00%, Whitelist: 0, IPv4: 0, IPv6: 16, Min Delay: -1 ms, Max Speed: 0.00 M/s, Avg Speed: 0.00 M/s, Max Resolution: None
Category: 🚂┃湾区频道, Name: 有线新闻, Total: 4, Valid: 1, Valid Percent: 25.00%, Whitelist: 0, IPv4: 1, IPv6: 3, Min Delay: 1428 ms, Max Speed: 0.27 M/s, Avg Speed: 0.27 M/s, Max Resolution: 1280x720
Category: 🚂┃湾区频道, Name: TVBS新闻, Total: 3, Valid: 0, Valid Percent: 0.00%, Whitelist: 0, IPv4: 0, IPv6: 3, Min Delay: -1 ms, Max Speed: 0.00 M/s, Avg Speed: 0.00 M/s, Max Resolution: None
Category: 🚂┃湾区频道, Name: TVBS欢乐, Total: 3, Valid: 0, Valid Percent: 0.00%, Whitelist: 0, IPv4: 0, IPv6: 3, Min Delay: -1 ms, Max Speed: 0.00 M/s, Avg Speed: 0.00 M/s, Max Resolution: None
Category: 🚂┃湾区频道, Name: now新闻, Total: 1, Valid: 0, Valid Percent: 0.00%, Whitelist: 0, IPv4: 0, IPv6: 1, Min Delay: -1 ms, Max Speed: 0.00 M/s, Avg Speed: 0.00 M/s, Max Resolution: None
Category: 🚂┃湾区频道, Name: ROCK Action, Total: 3, Valid: 0, Valid Percent: 0.00%, Whitelist: 0, IPv4: 0, IPv6: 3, Min Delay: -1 ms, Max Speed: 0.00 M/s, Avg Speed: 0.00 M/s, Max Resolution: None
Category: 🚂┃湾区频道, Name: TVB星河, Total: 59, Valid: 1, Valid Percent: 1.69%, Whitelist: 0, IPv4: 1, IPv6: 58, Min Delay: 112 ms, Max Speed: 21.40 M/s, Avg Speed: 21.40 M/s, Max Resolution: 1280x720
Category: 🚂┃湾区频道, Name: 千禧经典台, Total: 2, Valid: 0, Valid Percent: 0.00%, Whitelist: 0, IPv4: 0, IPv6: 2, Min Delay: -1 ms, Max Speed: 0.00 M/s, Avg Speed: 0.00 M/s, Max Resolution: None
Category: 🚂┃湾区频道, Name: Animax, Total: 6, Valid: 0, Valid Percent: 0.00%, Whitelist: 0, IPv4: 0, IPv6: 6, Min Delay: -1 ms, Max Speed: 0.00 M/s, Avg Speed: 0.00 M/s, Max Resolution: None
Category: 🚂┃湾区频道, Name: 美亚电影台, Total: 2, Valid: 0, Valid Percent: 0.00%, Whitelist: 0, IPv4: 0, IPv6: 2, Min Delay: -1 ms, Max Speed: 0.00 M/s, Avg Speed: 0.00 M/s, Max Resolution: None
Category: 🚂┃湾区频道, Name: 美亚电影国, Total: 2, Valid: 0, Valid Percent: 0.00%, Whitelist: 0, IPv4: 0, IPv6: 2, Min Delay: -1 ms, Max Speed: 0.00 M/s, Avg Speed: 0.00 M/s, Max Resolution: None
Category: 🚂┃湾区频道, Name: HOYTV, Total: 24, Valid: 0, Valid Percent: 0.00%, Whitelist: 0, IPv4: 0, IPv6: 24, Min Delay: -1 ms, Max Speed: 0.00 M/s, Avg Speed: 0.00 M/s, Max Resolution: None
Category: 🚂┃湾区频道, Name: TVB Plus, Total: 77, Valid: 1, Valid Percent: 1.30%, Whitelist: 0, IPv4: 1, IPv6: 76, Min Delay: 570 ms, Max Speed: 6.02 M/s, Avg Speed: 6.02 M/s, Max Resolution: 1920x1080
Category: 🚂┃湾区频道, Name: Viutv, Total: 1, Valid: 0, Valid Percent: 0.00%, Whitelist: 0, IPv4: 0, IPv6: 1, Min Delay: -1 ms, Max Speed: 0.00 M/s, Avg Speed: 0.00 M/s, Max Resolution: None
Category: 🚂┃湾区频道, Name: 三立台湾, Total: 2, Valid: 0, Valid Percent: 0.00%, Whitelist: 0, IPv4: 0, IPv6: 2, Min Delay: -1 ms, Max Speed: 0.00 M/s, Avg Speed: 0.00 M/s, Max Resolution: None
Category: 🚂┃湾区频道, Name: 三立新闻, Total: 8, Valid: 0, Valid Percent: 0.00%, Whitelist: 0, IPv4: 0, IPv6: 8, Min Delay: -1 ms, Max Speed: 0.00 M/s, Avg Speed: 0.00 M/s, Max Resolution: None
Category: 🚂┃湾区频道, Name: 东森综合, Total: 3, Valid: 0, Valid Percent: 0.00%, Whitelist: 0, IPv4: 0, IPv6: 3, Min Delay: -1 ms, Max Speed: 0.00 M/s, Avg Speed: 0.00 M/s, Max Resolution: None
Category: 🚂┃湾区频道, Name: 东森超视, Total: 13, Valid: 1, Valid Percent: 7.69%, Whitelist: 0, IPv4: 1, IPv6: 12, Min Delay: 943 ms, Max Speed: 1.35 M/s, Avg Speed: 1.35 M/s, Max Resolution: 1920x1080
Category: 🚂┃湾区频道, Name: 东森电影, Total: 6, Valid: 0, Valid Percent: 0.00%, Whitelist: 0, IPv4: 0, IPv6: 6, Min Delay: -1 ms, Max Speed: 0.00 M/s, Avg Speed: 0.00 M/s, Max Resolution: None
Category: 🚂┃湾区频道, Name: Now剧集, Total: 1, Valid: 0, Valid Percent: 0.00%, Whitelist: 0, IPv4: 1, IPv6: 0, Min Delay: 381 ms, Max Speed: 0.00 M/s, Avg Speed: 0.00 M/s, Max Resolution: None
Category: 🚂┃湾区频道, Name: 靖天资讯, Total: 23, Valid: 0, Valid Percent: 0.00%, Whitelist: 0, IPv4: 0, IPv6: 23, Min Delay: -1 ms, Max Speed: 0.00 M/s, Avg Speed: 0.00 M/s, Max Resolution: None
Category: 🚂┃湾区频道, Name: 新加坡中文, Total: 2, Valid: 0, Valid Percent: 0.00%, Whitelist: 0, IPv4: 0, IPv6: 2, Min Delay: -1 ms, Max Speed: 0.00 M/s, Avg Speed: 0.00 M/s, Max Resolution: None
Category: 🚂┃湾区频道, Name: 香港卫视, Total: 13, Valid: 0, Valid Percent: 0.00%, Whitelist: 0, IPv4: 0, IPv6: 13, Min Delay: -1 ms, Max Speed: 0.00 M/s, Avg Speed: 0.00 M/s, Max Resolution: None
Category: 🚂┃湾区频道, Name: TVBS亚洲, Total: 1, Valid: 0, Valid Percent: 0.00%, Whitelist: 0, IPv4: 0, IPv6: 1, Min Delay: -1 ms, Max Speed: 0.00 M/s, Avg Speed: 0.00 M/s, Max Resolution: None
Category: 🚂┃湾区频道, Name: 纬来体育, Total: 8, Valid: 0, Valid Percent: 0.00%, Whitelist: 0, IPv4: 0, IPv6: 8, Min Delay: -1 ms, Max Speed: 0.00 M/s, Avg Speed: 0.00 M/s, Max Resolution: None
Category: 🚂┃湾区频道, Name: 纬来育乐, Total: 35, Valid: 0, Valid Percent: 0.00%, Whitelist: 0, IPv4: 0, IPv6: 35, Min Delay: -1 ms, Max Speed: 0.00 M/s, Avg Speed: 0.00 M/s, Max Resolution: None
Category: 🚂┃湾区频道, Name: BBC Cbeebies, Total: 2, Valid: 0, Valid Percent: 0.00%, Whitelist: 0, IPv4: 0, IPv6: 2, Min Delay: -1 ms, Max Speed: 0.00 M/s, Avg Speed: 0.00 M/s, Max Resolution: None
Category: 🚂┃湾区频道, Name: BBC Earth, Total: 8, Valid: 0, Valid Percent: 0.00%, Whitelist: 0, IPv4: 0, IPv6: 8, Min Delay: -1 ms, Max Speed: 0.00 M/s, Avg Speed: 0.00 M/s, Max Resolution: None
Category: 🚂┃湾区频道, Name: BBC Lifestyle, Total: 6, Valid: 0, Valid Percent: 0.00%, Whitelist: 0, IPv4: 0, IPv6: 6, Min Delay: -1 ms, Max Speed: 0.00 M/s, Avg Speed: 0.00 M/s, Max Resolution: None
Category: 🚂┃湾区频道, Name: BBC NEWS, Total: 1, Valid: 1, Valid Percent: 100.00%, Whitelist: 0, IPv4: 1, IPv6: 0, Min Delay: 2401 ms, Max Speed: 0.71 M/s, Avg Speed: 0.71 M/s, Max Resolution: 854x480
Category: 🚂┃湾区频道, Name: Bloomberg TV, Total: 3, Valid: 0, Valid Percent: 0.00%, Whitelist: 0, IPv4: 0, IPv6: 3, Min Delay: -1 ms, Max Speed: 0.00 M/s, Avg Speed: 0.00 M/s, Max Resolution: None
Category: 🚂┃湾区频道, Name: Discovery Asia, Total: 7, Valid: 0, Valid Percent: 0.00%, Whitelist: 0, IPv4: 0, IPv6: 7, Min Delay: -1 ms, Max Speed: 0.00 M/s, Avg Speed: 0.00 M/s, Max Resolution: None
Category: 🚂┃湾区频道, Name: Discovery DMAX, Total: 1, Valid: 0, Valid Percent: 0.00%, Whitelist: 0, IPv4: 0, IPv6: 1, Min Delay: -1 ms, Max Speed: 0.00 M/s, Avg Speed: 0.00 M/s, Max Resolution: None
Category: 🚂┃湾区频道, Name: Discovery Science, Total: 1, Valid: 0, Valid Percent: 0.00%, Whitelist: 0, IPv4: 0, IPv6: 1, Min Delay: -1 ms, Max Speed: 0.00 M/s, Avg Speed: 0.00 M/s, Max Resolution: None
Category: 🚂┃湾区频道, Name: Eurosport, Total: 1, Valid: 0, Valid Percent: 0.00%, Whitelist: 0, IPv4: 0, IPv6: 1, Min Delay: -1 ms, Max Speed: 0.00 M/s, Avg Speed: 0.00 M/s, Max Resolution: None
Category: 🚂┃湾区频道, Name: Global Trekker, Total: 2, Valid: 0, Valid Percent: 0.00%, Whitelist: 0, IPv4: 0, IPv6: 2, Min Delay: -1 ms, Max Speed: 0.00 M/s, Avg Speed: 0.00 M/s, Max Resolution: None
Category: 🚂┃湾区频道, Name: Love Nature, Total: 2, Valid: 0, Valid Percent: 0.00%, Whitelist: 0, IPv4: 0, IPv6: 2, Min Delay: -1 ms, Max Speed: 0.00 M/s, Avg Speed: 0.00 M/s, Max Resolution: None
Category: 🅱┃台湾频道, Name: TVBS News 新闻台, Total: 1, Valid: 0, Valid Percent: 0.00%, Whitelist: 0, IPv4: 0, IPv6: 1, Min Delay: -1 ms, Max Speed: 0.00 M/s, Avg Speed: 0.00 M/s, Max Resolution: None
Category: 🅱┃台湾频道, Name: TVBS 欢乐台, Total: 1, Valid: 0, Valid Percent: 0.00%, Whitelist: 0, IPv4: 0, IPv6: 1, Min Delay: -1 ms, Max Speed: 0.00 M/s, Avg Speed: 0.00 M/s, Max Resolution: None
Category: 🅱┃台湾频道, Name: TVBS HD, Total: 4, Valid: 0, Valid Percent: 0.00%, Whitelist: 0, IPv4: 0, IPv6: 4, Min Delay: -1 ms, Max Speed: 0.00 M/s, Avg Speed: 0.00 M/s, Max Resolution: None
Category: 🅱┃台湾频道, Name: 中天新闻 HD, Total: 1, Valid: 0, Valid Percent: 0.00%, Whitelist: 0, IPv4: 0, IPv6: 1, Min Delay: -1 ms, Max Speed: 0.00 M/s, Avg Speed: 0.00 M/s, Max Resolution: None
Category: 🅱┃台湾频道, Name: 中天娱乐 CTI Entertaiment, Total: 2, Valid: 0, Valid Percent: 0.00%, Whitelist: 0, IPv4: 0, IPv6: 2, Min Delay: -1 ms, Max Speed: 0.00 M/s, Avg Speed: 0.00 M/s, Max Resolution: None
Category: 🅱┃台湾频道, Name: 中天综合 CTI Metro, Total: 2, Valid: 0, Valid Percent: 0.00%, Whitelist: 0, IPv4: 0, IPv6: 2, Min Delay: -1 ms, Max Speed: 0.00 M/s, Avg Speed: 0.00 M/s, Max Resolution: None
Category: 🅱┃台湾频道, Name: 中天亚洲台, Total: 1, Valid: 0, Valid Percent: 0.00%, Whitelist: 0, IPv4: 0, IPv6: 1, Min Delay: -1 ms, Max Speed: 0.00 M/s, Avg Speed: 0.00 M/s, Max Resolution: None
Category: 🅱┃台湾频道, Name: 台视 TTV HD, Total: 1, Valid: 0, Valid Percent: 0.00%, Whitelist: 0, IPv4: 0, IPv6: 1, Min Delay: -1 ms, Max Speed: 0.00 M/s, Avg Speed: 0.00 M/s, Max Resolution: None
Category: 🅱┃台湾频道, Name: 台视新闻台, Total: 2, Valid: 0, Valid Percent: 0.00%, Whitelist: 0, IPv4: 0, IPv6: 2, Min Delay: -1 ms, Max Speed: 0.00 M/s, Avg Speed: 0.00 M/s, Max Resolution: None
Category: 🅱┃台湾频道, Name: 台视综合台, Total: 1, Valid: 0, Valid Percent: 0.00%, Whitelist: 0, IPv4: 0, IPv6: 1, Min Delay: -1 ms, Max Speed: 0.00 M/s, Avg Speed: 0.00 M/s, Max Resolution: None
Category: 🅱┃台湾频道, Name: 中视 HD, Total: 2, Valid: 0, Valid Percent: 0.00%, Whitelist: 0, IPv4: 0, IPv6: 2, Min Delay: -1 ms, Max Speed: 0.00 M/s, Avg Speed: 0.00 M/s, Max Resolution: None
Category: 🅱┃台湾频道, Name: 中视新闻台, Total: 2, Valid: 0, Valid Percent: 0.00%, Whitelist: 0, IPv4: 0, IPv6: 2, Min Delay: -1 ms, Max Speed: 0.00 M/s, Avg Speed: 0.00 M/s, Max Resolution: None
Category: 🅱┃台湾频道, Name: 民视 HD, Total: 2, Valid: 0, Valid Percent: 0.00%, Whitelist: 0, IPv4: 0, IPv6: 2, Min Delay: -1 ms, Max Speed: 0.00 M/s, Avg Speed: 0.00 M/s, Max Resolution: None
Category: 🅱┃台湾频道, Name: 民视新闻台 FTV News, Total: 2, Valid: 0, Valid Percent: 0.00%, Whitelist: 0, IPv4: 0, IPv6: 2, Min Delay: -1 ms, Max Speed: 0.00 M/s, Avg Speed: 0.00 M/s, Max Resolution: None
Category: 🅱┃台湾频道, Name: 民视台湾台, Total: 4, Valid: 0, Valid Percent: 0.00%, Whitelist: 0, IPv4: 0, IPv6: 4, Min Delay: -1 ms, Max Speed: 0.00 M/s, Avg Speed: 0.00 M/s, Max Resolution: None
Category: 🅱┃台湾频道, Name: 华视 CTS HD, Total: 1, Valid: 0, Valid Percent: 0.00%, Whitelist: 0, IPv4: 0, IPv6: 1, Min Delay: -1 ms, Max Speed: 0.00 M/s, Avg Speed: 0.00 M/s, Max Resolution: None
Category: 🅱┃台湾频道, Name: 公视 CTV, Total: 2, Valid: 0, Valid Percent: 0.00%, Whitelist: 0, IPv4: 0, IPv6: 2, Min Delay: -1 ms, Max Speed: 0.00 M/s, Avg Speed: 0.00 M/s, Max Resolution: None
Category: 🅱┃台湾频道, Name: 八大第一 GTV First, Total: 2, Valid: 0, Valid Percent: 0.00%, Whitelist: 0, IPv4: 0, IPv6: 2, Min Delay: -1 ms, Max Speed: 0.00 M/s, Avg Speed: 0.00 M/s, Max Resolution: None
Category: 🅱┃台湾频道, Name: 八大综合 GTV Metro, Total: 2, Valid: 0, Valid Percent: 0.00%, Whitelist: 0, IPv4: 0, IPv6: 2, Min Delay: -1 ms, Max Speed: 0.00 M/s, Avg Speed: 0.00 M/s, Max Resolution: None
Category: 🅱┃台湾频道, Name: 八大戏剧 GTV Drama, Total: 2, Valid: 0, Valid Percent: 0.00%, Whitelist: 0, IPv4: 0, IPv6: 2, Min Delay: -1 ms, Max Speed: 0.00 M/s, Avg Speed: 0.00 M/s, Max Resolution: None
Category: 🅱┃台湾频道, Name: 八大娱乐 GTV Entertainment, Total: 2, Valid: 0, Valid Percent: 0.00%, Whitelist: 0, IPv4: 0, IPv6: 2, Min Delay: -1 ms, Max Speed: 0.00 M/s, Avg Speed: 0.00 M/s, Max Resolution: None
Category: 🅱┃台湾频道, Name: HBO_HD, Total: 4, Valid: 0, Valid Percent: 0.00%, Whitelist: 0, IPv4: 0, IPv6: 4, Min Delay: -1 ms, Max Speed: 0.00 M/s, Avg Speed: 0.00 M/s, Max Resolution: None
Category: 🅱┃台湾频道, Name: HBO_HITS, Total: 6, Valid: 0, Valid Percent: 0.00%, Whitelist: 0, IPv4: 0, IPv6: 6, Min Delay: -1 ms, Max Speed: 0.00 M/s, Avg Speed: 0.00 M/s, Max Resolution: None
Category: 🅱┃台湾频道, Name: Hollywood Movies, Total: 2, Valid: 0, Valid Percent: 0.00%, Whitelist: 0, IPv4: 0, IPv6: 2, Min Delay: -1 ms, Max Speed: 0.00 M/s, Avg Speed: 0.00 M/s, Max Resolution: None
Category: 🅱┃台湾频道, Name: 三立台湾 Sanli Taiwan, Total: 2, Valid: 0, Valid Percent: 0.00%, Whitelist: 0, IPv4: 0, IPv6: 2, Min Delay: -1 ms, Max Speed: 0.00 M/s, Avg Speed: 0.00 M/s, Max Resolution: None
Category: 🅱┃台湾频道, Name: 三立戏剧台, Total: 2, Valid: 0, Valid Percent: 0.00%, Whitelist: 0, IPv4: 0, IPv6: 2, Min Delay: -1 ms, Max Speed: 0.00 M/s, Avg Speed: 0.00 M/s, Max Resolution: None
Category: 🅱┃台湾频道, Name: 三立综合 Sanli Metro, Total: 2, Valid: 0, Valid Percent: 0.00%, Whitelist: 0, IPv4: 0, IPv6: 2, Min Delay: -1 ms, Max Speed: 0.00 M/s, Avg Speed: 0.00 M/s, Max Resolution: None
Category: 🅱┃台湾频道, Name: 三立都会台, Total: 3, Valid: 0, Valid Percent: 0.00%, Whitelist: 0, IPv4: 0, IPv6: 3, Min Delay: -1 ms, Max Speed: 0.00 M/s, Avg Speed: 0.00 M/s, Max Resolution: None
Category: 🅱┃台湾频道, Name: 东森新闻 ETTV News, Total: 2, Valid: 0, Valid Percent: 0.00%, Whitelist: 0, IPv4: 0, IPv6: 2, Min Delay: -1 ms, Max Speed: 0.00 M/s, Avg Speed: 0.00 M/s, Max Resolution: None
Category: 🅱┃台湾频道, Name: CINEMAX, Total: 52, Valid: 0, Valid Percent: 0.00%, Whitelist: 0, IPv4: 0, IPv6: 52, Min Delay: -1 ms, Max Speed: 0.00 M/s, Avg Speed: 0.00 M/s, Max Resolution: None
Category: 🅱┃台湾频道, Name: 东森综合 ETTV Metro, Total: 2, Valid: 0, Valid Percent: 0.00%, Whitelist: 0, IPv4: 0, IPv6: 2, Min Delay: -1 ms, Max Speed: 0.00 M/s, Avg Speed: 0.00 M/s, Max Resolution: None
Category: 🅱┃台湾频道, Name: 东森戏剧 ETTV Drama, Total: 2, Valid: 0, Valid Percent: 0.00%, Whitelist: 0, IPv4: 0, IPv6: 2, Min Delay: -1 ms, Max Speed: 0.00 M/s, Avg Speed: 0.00 M/s, Max Resolution: None
Category: 🅱┃台湾频道, Name: 东森超视, Total: 12, Valid: 0, Valid Percent: 0.00%, Whitelist: 0, IPv4: 0, IPv6: 12, Min Delay: -1 ms, Max Speed: 0.00 M/s, Avg Speed: 0.00 M/s, Max Resolution: None
Category: 🅱┃台湾频道, Name: 东森财经新闻 ETTV Business, Total: 2, Valid: 0, Valid Percent: 0.00%, Whitelist: 0, IPv4: 0, IPv6: 2, Min Delay: -1 ms, Max Speed: 0.00 M/s, Avg Speed: 0.00 M/s, Max Resolution: None
Category: 🅱┃台湾频道, Name: 寰宇财经, Total: 45, Valid: 0, Valid Percent: 0.00%, Whitelist: 0, IPv4: 0, IPv6: 45, Min Delay: -1 ms, Max Speed: 0.00 M/s, Avg Speed: 0.00 M/s, Max Resolution: None
Category: 🅱┃台湾频道, Name: 寰宇新闻台, Total: 4, Valid: 0, Valid Percent: 0.00%, Whitelist: 0, IPv4: 0, IPv6: 4, Min Delay: -1 ms, Max Speed: 0.00 M/s, Avg Speed: 0.00 M/s, Max Resolution: None
Category: 🅱┃台湾频道, Name: 公视2, Total: 4, Valid: 0, Valid Percent: 0.00%, Whitelist: 0, IPv4: 0, IPv6: 4, Min Delay: -1 ms, Max Speed: 0.00 M/s, Avg Speed: 0.00 M/s, Max Resolution: None
Category: 🅱┃台湾频道, Name: 大爱1台, Total: 1, Valid: 0, Valid Percent: 0.00%, Whitelist: 0, IPv4: 0, IPv6: 1, Min Delay: -1 ms, Max Speed: 0.00 M/s, Avg Speed: 0.00 M/s, Max Resolution: None
Category: 🅱┃台湾频道, Name: 非凡新闻台, Total: 1, Valid: 0, Valid Percent: 0.00%, Whitelist: 0, IPv4: 0, IPv6: 1, Min Delay: -1 ms, Max Speed: 0.00 M/s, Avg Speed: 0.00 M/s, Max Resolution: None
Category: 🅱┃台湾频道, Name: 龙华戏剧 Lunghua Drama, Total: 2, Valid: 0, Valid Percent: 0.00%, Whitelist: 0, IPv4: 0, IPv6: 2, Min Delay: -1 ms, Max Speed: 0.00 M/s, Avg Speed: 0.00 M/s, Max Resolution: None
Category: 🅱┃台湾频道, Name: 龙华经典台, Total: 1, Valid: 0, Valid Percent: 0.00%, Whitelist: 0, IPv4: 0, IPv6: 1, Min Delay: -1 ms, Max Speed: 0.00 M/s, Avg Speed: 0.00 M/s, Max Resolution: None
Category: 🅱┃台湾频道, Name: 龙华偶像, Total: 57, Valid: 1, Valid Percent: 1.75%, Whitelist: 0, IPv4: 1, IPv6: 56, Min Delay: 1207 ms, Max Speed: 12.17 M/s, Avg Speed: 12.17 M/s, Max Resolution: 1920x1080
Category: 🅱┃台湾频道, Name: AXN Taiwan, Total: 5, Valid: 0, Valid Percent: 0.00%, Whitelist: 0, IPv4: 0, IPv6: 5, Min Delay: -1 ms, Max Speed: 0.00 M/s, Avg Speed: 0.00 M/s, Max Resolution: None
Category: 🅱┃台湾频道, Name: 靖天国际台, Total: 1, Valid: 0, Valid Percent: 0.00%, Whitelist: 0, IPv4: 0, IPv6: 1, Min Delay: -1 ms, Max Speed: 0.00 M/s, Avg Speed: 0.00 M/s, Max Resolution: None
Category: 🅱┃台湾频道, Name: 年代新闻, Total: 32, Valid: 0, Valid Percent: 0.00%, Whitelist: 0, IPv4: 0, IPv6: 32, Min Delay: -1 ms, Max Speed: 0.00 M/s, Avg Speed: 0.00 M/s, Max Resolution: None
Category: 🅱┃台湾频道, Name: 纬来日本台, Total: 1, Valid: 0, Valid Percent: 0.00%, Whitelist: 0, IPv4: 0, IPv6: 1, Min Delay: -1 ms, Max Speed: 0.00 M/s, Avg Speed: 0.00 M/s, Max Resolution: None
Category: 🅱┃台湾频道, Name: 纬来电影台, Total: 1, Valid: 0, Valid Percent: 0.00%, Whitelist: 0, IPv4: 0, IPv6: 1, Min Delay: -1 ms, Max Speed: 0.00 M/s, Avg Speed: 0.00 M/s, Max Resolution: None
Category: 🅱┃台湾频道, Name: 纬来体育台, Total: 1, Valid: 0, Valid Percent: 0.00%, Whitelist: 0, IPv4: 0, IPv6: 1, Min Delay: -1 ms, Max Speed: 0.00 M/s, Avg Speed: 0.00 M/s, Max Resolution: None
Category: 🅱┃台湾频道, Name: 纬来综合台, Total: 1, Valid: 0, Valid Percent: 0.00%, Whitelist: 0, IPv4: 0, IPv6: 1, Min Delay: -1 ms, Max Speed: 0.00 M/s, Avg Speed: 0.00 M/s, Max Resolution: None
Category: 🅱┃台湾频道, Name: 纬来育乐, Total: 35, Valid: 0, Valid Percent: 0.00%, Whitelist: 0, IPv4: 0, IPv6: 35, Min Delay: -1 ms, Max Speed: 0.00 M/s, Avg Speed: 0.00 M/s, Max Resolution: None
Category: 🅱┃台湾频道, Name: 纬来精彩, Total: 28, Valid: 0, Valid Percent: 0.00%, Whitelist: 0, IPv4: 0, IPv6: 28, Min Delay: -1 ms, Max Speed: 0.00 M/s, Avg Speed: 0.00 M/s, Max Resolution: None
Category: 🅱┃台湾频道, Name: 大爱2台, Total: 1, Valid: 0, Valid Percent: 0.00%, Whitelist: 0, IPv4: 0, IPv6: 1, Min Delay: -1 ms, Max Speed: 0.00 M/s, Avg Speed: 0.00 M/s, Max Resolution: None
Category: 🅱┃台湾频道, Name: 亚洲美食, Total: 25, Valid: 0, Valid Percent: 0.00%, Whitelist: 0, IPv4: 0, IPv6: 25, Min Delay: -1 ms, Max Speed: 0.00 M/s, Avg Speed: 0.00 M/s, Max Resolution: None
Category: 🅱┃台湾频道, Name: 美食星球, Total: 5, Valid: 0, Valid Percent: 0.00%, Whitelist: 0, IPv4: 0, IPv6: 5, Min Delay: -1 ms, Max Speed: 0.00 M/s, Avg Speed: 0.00 M/s, Max Resolution: None
Category: 🅱┃台湾频道, Name: 亚洲旅游 TLC Asia, Total: 2, Valid: 0, Valid Percent: 0.00%, Whitelist: 0, IPv4: 0, IPv6: 2, Min Delay: -1 ms, Max Speed: 0.00 M/s, Avg Speed: 0.00 M/s, Max Resolution: None
Category: 🅱┃台湾频道, Name: 东森电影 ETTV Movie, Total: 2, Valid: 0, Valid Percent: 0.00%, Whitelist: 0, IPv4: 0, IPv6: 2, Min Delay: -1 ms, Max Speed: 0.00 M/s, Avg Speed: 0.00 M/s, Max Resolution: None
Category: 🅱┃台湾频道, Name: 阿里郎 Arirang, Total: 2, Valid: 0, Valid Percent: 0.00%, Whitelist: 0, IPv4: 0, IPv6: 2, Min Delay: -1 ms, Max Speed: 0.00 M/s, Avg Speed: 0.00 M/s, Max Resolution: None
Category: 🅱┃台湾频道, Name: 东森洋片 ETTV Western, Total: 1, Valid: 0, Valid Percent: 0.00%, Whitelist: 0, IPv4: 0, IPv6: 1, Min Delay: -1 ms, Max Speed: 0.00 M/s, Avg Speed: 0.00 M/s, Max Resolution: None
Category: 🅱┃台湾频道, Name: 龙华洋片 Lunghua Western, Total: 2, Valid: 0, Valid Percent: 0.00%, Whitelist: 0, IPv4: 0, IPv6: 2, Min Delay: -1 ms, Max Speed: 0.00 M/s, Avg Speed: 0.00 M/s, Max Resolution: None
Category: 🅱┃台湾频道, Name: 博斯无限, Total: 25, Valid: 0, Valid Percent: 0.00%, Whitelist: 0, IPv4: 0, IPv6: 25, Min Delay: -1 ms, Max Speed: 0.00 M/s, Avg Speed: 0.00 M/s, Max Resolution: None
Category: 🅱┃台湾频道, Name: MTV Live, Total: 5, Valid: 0, Valid Percent: 0.00%, Whitelist: 0, IPv4: 0, IPv6: 5, Min Delay: -1 ms, Max Speed: 0.00 M/s, Avg Speed: 0.00 M/s, Max Resolution: None
Category: 🅱┃台湾频道, Name: 龙详时代, Total: 2, Valid: 0, Valid Percent: 0.00%, Whitelist: 0, IPv4: 0, IPv6: 2, Min Delay: -1 ms, Max Speed: 0.00 M/s, Avg Speed: 0.00 M/s, Max Resolution: None
Category: 🅱┃台湾频道, Name: EYETV 旅游, Total: 2, Valid: 0, Valid Percent: 0.00%, Whitelist: 0, IPv4: 0, IPv6: 2, Min Delay: -1 ms, Max Speed: 0.00 M/s, Avg Speed: 0.00 M/s, Max Resolution: None
Category: 🅱┃台湾频道, Name: 靖天卡通台, Total: 1, Valid: 0, Valid Percent: 0.00%, Whitelist: 0, IPv4: 0, IPv6: 1, Min Delay: -1 ms, Max Speed: 0.00 M/s, Avg Speed: 0.00 M/s, Max Resolution: None
Category: 🅱┃台湾频道, Name: EYETV 戏剧, Total: 2, Valid: 0, Valid Percent: 0.00%, Whitelist: 0, IPv4: 0, IPv6: 2, Min Delay: -1 ms, Max Speed: 0.00 M/s, Avg Speed: 0.00 M/s, Max Resolution: None
Category: 🅱┃台湾频道, Name: 卫视中文台 Star Movies Chinese, Total: 2, Valid: 0, Valid Percent: 0.00%, Whitelist: 0, IPv4: 0, IPv6: 2, Min Delay: -1 ms, Max Speed: 0.00 M/s, Avg Speed: 0.00 M/s, Max Resolution: None
Category: 🅱┃台湾频道, Name: 东森幼幼 Yoyo TV, Total: 2, Valid: 0, Valid Percent: 0.00%, Whitelist: 0, IPv4: 0, IPv6: 2, Min Delay: -1 ms, Max Speed: 0.00 M/s, Avg Speed: 0.00 M/s, Max Resolution: None
Category: 🅱┃台湾频道, Name: 卫视电影台, Total: 2, Valid: 0, Valid Percent: 0.00%, Whitelist: 0, IPv4: 0, IPv6: 2, Min Delay: -1 ms, Max Speed: 0.00 M/s, Avg Speed: 0.00 M/s, Max Resolution: None
Category: 🅱┃台湾频道, Name: 美亚电影, Total: 17, Valid: 0, Valid Percent: 0.00%, Whitelist: 0, IPv4: 0, IPv6: 17, Min Delay: -1 ms, Max Speed: 0.00 M/s, Avg Speed: 0.00 M/s, Max Resolution: None
Category: 🅱┃台湾频道, Name: 爱尔达影剧台, Total: 2, Valid: 0, Valid Percent: 0.00%, Whitelist: 0, IPv4: 0, IPv6: 2, Min Delay: -1 ms, Max Speed: 0.00 M/s, Avg Speed: 0.00 M/s, Max Resolution: None
Category: 🅱┃台湾频道, Name: 爱尔达综合台, Total: 2, Valid: 0, Valid Percent: 0.00%, Whitelist: 0, IPv4: 0, IPv6: 2, Min Delay: -1 ms, Max Speed: 0.00 M/s, Avg Speed: 0.00 M/s, Max Resolution: None
Category: 🅱┃台湾频道, Name: 星卫电影, Total: 1, Valid: 0, Valid Percent: 0.00%, Whitelist: 0, IPv4: 0, IPv6: 1, Min Delay: -1 ms, Max Speed: 0.00 M/s, Avg Speed: 0.00 M/s, Max Resolution: None
Category: 🅱┃台湾频道, Name: AFC 亚洲旅游台, Total: 2, Valid: 0, Valid Percent: 0.00%, Whitelist: 0, IPv4: 0, IPv6: 2, Min Delay: -1 ms, Max Speed: 0.00 M/s, Avg Speed: 0.00 M/s, Max Resolution: None
Category: 📚┃浙江频道, Name: 浙江钱江, Total: 7, Valid: 3, Valid Percent: 42.86%, Whitelist: 0, IPv4: 3, IPv6: 4, Min Delay: 1346 ms, Max Speed: 1.25 M/s, Avg Speed: 1.19 M/s, Max Resolution: 1920x1080
Category: 📚┃浙江频道, Name: 浙江钱江都市, Total: 5, Valid: 1, Valid Percent: 20.00%, Whitelist: 0, IPv4: 1, IPv6: 4, Min Delay: 1891 ms, Max Speed: 0.93 M/s, Avg Speed: 0.93 M/s, Max Resolution: 1920x1080
Category: 📚┃浙江频道, Name: 浙江生活, Total: 6, Valid: 1, Valid Percent: 16.67%, Whitelist: 0, IPv4: 1, IPv6: 5, Min Delay: 1514 ms, Max Speed: 1.29 M/s, Avg Speed: 1.29 M/s, Max Resolution: 1920x1080
Category: 📚┃浙江频道, Name: 浙江经济生活, Total: 5, Valid: 1, Valid Percent: 20.00%, Whitelist: 0, IPv4: 1, IPv6: 4, Min Delay: 1515 ms, Max Speed: 1.89 M/s, Avg Speed: 1.89 M/s, Max Resolution: 1920x1080
Category: 📚┃浙江频道, Name: 浙江教育, Total: 2, Valid: 2, Valid Percent: 100.00%, Whitelist: 0, IPv4: 2, IPv6: 0, Min Delay: 1509 ms, Max Speed: 1.17 M/s, Avg Speed: 1.16 M/s, Max Resolution: 1920x1080
Category: 📚┃浙江频道, Name: 浙江民生, Total: 7, Valid: 2, Valid Percent: 28.57%, Whitelist: 0, IPv4: 2, IPv6: 5, Min Delay: 1632 ms, Max Speed: 1.46 M/s, Avg Speed: 1.36 M/s, Max Resolution: 1920x1080
Category: 📚┃浙江频道, Name: 浙江新闻, Total: 23, Valid: 4, Valid Percent: 17.39%, Whitelist: 0, IPv4: 4, IPv6: 19, Min Delay: 1374 ms, Max Speed: 1.21 M/s, Avg Speed: 1.13 M/s, Max Resolution: 1920x1080
Category: 📚┃浙江频道, Name: 浙江少儿, Total: 7, Valid: 2, Valid Percent: 28.57%, Whitelist: 0, IPv4: 2, IPv6: 5, Min Delay: 1499 ms, Max Speed: 1.18 M/s, Avg Speed: 1.06 M/s, Max Resolution: 1920x1080
Category: 📚┃浙江频道, Name: 杭州综合, Total: 4, Valid: 0, Valid Percent: 0.00%, Whitelist: 0, IPv4: 0, IPv6: 4, Min Delay: -1 ms, Max Speed: 0.00 M/s, Avg Speed: 0.00 M/s, Max Resolution: None
Category: 📚┃浙江频道, Name: 杭州明珠, Total: 3, Valid: 0, Valid Percent: 0.00%, Whitelist: 0, IPv4: 0, IPv6: 3, Min Delay: -1 ms, Max Speed: 0.00 M/s, Avg Speed: 0.00 M/s, Max Resolution: None
Category: 📚┃浙江频道, Name: 杭州生活, Total: 4, Valid: 0, Valid Percent: 0.00%, Whitelist: 0, IPv4: 0, IPv6: 4, Min Delay: -1 ms, Max Speed: 0.00 M/s, Avg Speed: 0.00 M/s, Max Resolution: None
Category: 📚┃浙江频道, Name: 杭州影视, Total: 3, Valid: 0, Valid Percent: 0.00%, Whitelist: 0, IPv4: 0, IPv6: 3, Min Delay: -1 ms, Max Speed: 0.00 M/s, Avg Speed: 0.00 M/s, Max Resolution: None
Category: 📚┃浙江频道, Name: 杭州少体, Total: 1, Valid: 0, Valid Percent: 0.00%, Whitelist: 0, IPv4: 0, IPv6: 1, Min Delay: -1 ms, Max Speed: 0.00 M/s, Avg Speed: 0.00 M/s, Max Resolution: None
Category: 📚┃浙江频道, Name: 浙江教科, Total: 2, Valid: 1, Valid Percent: 50.00%, Whitelist: 0, IPv4: 1, IPv6: 1, Min Delay: 1379 ms, Max Speed: 1.24 M/s, Avg Speed: 1.24 M/s, Max Resolution: 1920x1080
Category: 📚┃浙江频道, Name: 浙江经济, Total: 1, Valid: 0, Valid Percent: 0.00%, Whitelist: 0, IPv4: 0, IPv6: 1, Min Delay: -1 ms, Max Speed: 0.00 M/s, Avg Speed: 0.00 M/s, Max Resolution: None
Category: 📚┃浙江频道, Name: 之江纪录, Total: 3, Valid: 1, Valid Percent: 33.33%, Whitelist: 0, IPv4: 1, IPv6: 2, Min Delay: 1651 ms, Max Speed: 1.12 M/s, Avg Speed: 1.12 M/s, Max Resolution: 1920x1080
Category: 📚┃浙江频道, Name: 浙江国际, Total: 15, Valid: 3, Valid Percent: 20.00%, Whitelist: 0, IPv4: 3, IPv6: 12, Min Delay: 332 ms, Max Speed: 5.48 M/s, Avg Speed: 2.54 M/s, Max Resolution: 1920x1080
Category: 📚┃浙江频道, Name: 嘉兴新闻综合, Total: 1, Valid: 0, Valid Percent: 0.00%, Whitelist: 0, IPv4: 0, IPv6: 1, Min Delay: -1 ms, Max Speed: 0.00 M/s, Avg Speed: 0.00 M/s, Max Resolution: None
Category: 📚┃浙江频道, Name: 湖州公共, Total: 7, Valid: 0, Valid Percent: 0.00%, Whitelist: 0, IPv4: 0, IPv6: 7, Min Delay: -1 ms, Max Speed: 0.00 M/s, Avg Speed: 0.00 M/s, Max Resolution: None
Category: 📚┃浙江频道, Name: 湖州新闻综合, Total: 3, Valid: 3, Valid Percent: 100.00%, Whitelist: 0, IPv4: 3, IPv6: 0, Min Delay: 955 ms, Max Speed: 0.23 M/s, Avg Speed: 0.19 M/s, Max Resolution: 1280x720
Category: 📚┃浙江频道, Name: 湖州文化娱乐, Total: 3, Valid: 3, Valid Percent: 100.00%, Whitelist: 0, IPv4: 3, IPv6: 0, Min Delay: 955 ms, Max Speed: 0.22 M/s, Avg Speed: 0.19 M/s, Max Resolution: 1280x720
Category: 📚┃浙江频道, Name: 浙江留学, Total: 1, Valid: 1, Valid Percent: 100.00%, Whitelist: 0, IPv4: 1, IPv6: 0, Min Delay: 1241 ms, Max Speed: 0.31 M/s, Avg Speed: 0.31 M/s, Max Resolution: 1920x1080
Category: 📚┃浙江频道, Name: 浙江民生休闲, Total: 8, Valid: 1, Valid Percent: 12.50%, Whitelist: 0, IPv4: 1, IPv6: 7, Min Delay: 2301 ms, Max Speed: 0.84 M/s, Avg Speed: 0.84 M/s, Max Resolution: 1920x1080
Category: 📚┃浙江频道, Name: 浙江数码时代, Total: 1, Valid: 1, Valid Percent: 100.00%, Whitelist: 0, IPv4: 1, IPv6: 0, Min Delay: 1507 ms, Max Speed: 1.16 M/s, Avg Speed: 1.16 M/s, Max Resolution: 1920x1080
Category: 📚┃浙江频道, Name: 浙江教科影院, Total: 1, Valid: 1, Valid Percent: 100.00%, Whitelist: 0, IPv4: 1, IPv6: 0, Min Delay: 1400 ms, Max Speed: 1.23 M/s, Avg Speed: 1.23 M/s, Max Resolution: 1920x1080
Category: 📚┃浙江频道, Name: 浙江教科影视, Total: 3, Valid: 2, Valid Percent: 66.67%, Whitelist: 0, IPv4: 2, IPv6: 1, Min Delay: 1283 ms, Max Speed: 1.03 M/s, Avg Speed: 1.00 M/s, Max Resolution: 1920x1080
Category: 📚┃浙江频道, Name: 浙江公共新闻, Total: 5, Valid: 1, Valid Percent: 20.00%, Whitelist: 0, IPv4: 1, IPv6: 4, Min Delay: 1480 ms, Max Speed: 2.08 M/s, Avg Speed: 2.08 M/s, Max Resolution: 1920x1080
Category: 📚┃浙江频道, Name: 浙江休闲台, Total: 1, Valid: 1, Valid Percent: 100.00%, Whitelist: 0, IPv4: 1, IPv6: 0, Min Delay: 1515 ms, Max Speed: 1.03 M/s, Avg Speed: 1.03 M/s, Max Resolution: 1280x720
Category: 📚┃浙江频道, Name: 浙江青田, Total: 1, Valid: 1, Valid Percent: 100.00%, Whitelist: 0, IPv4: 1, IPv6: 0, Min Delay: 1767 ms, Max Speed: 0.99 M/s, Avg Speed: 0.99 M/s, Max Resolution: 1920x1080
Category: 📚┃浙江频道, Name: 浙江遂昌, Total: 1, Valid: 1, Valid Percent: 100.00%, Whitelist: 0, IPv4: 1, IPv6: 0, Min Delay: 1536 ms, Max Speed: 0.59 M/s, Avg Speed: 0.59 M/s, Max Resolution: 1920x1080
Category: 📚┃浙江频道, Name: 诸暨新闻综合, Total: 3, Valid: 3, Valid Percent: 100.00%, Whitelist: 0, IPv4: 3, IPv6: 0, Min Delay: 2069 ms, Max Speed: 1.63 M/s, Avg Speed: 1.45 M/s, Max Resolution: 1920x1080
Category: 📚┃浙江频道, Name: 龙游生活娱乐, Total: 3, Valid: 3, Valid Percent: 100.00%, Whitelist: 0, IPv4: 3, IPv6: 0, Min Delay: 1836 ms, Max Speed: 1.37 M/s, Avg Speed: 1.23 M/s, Max Resolution: 1280x720
Category: 📚┃浙江频道, Name: 龙游新闻综合, Total: 3, Valid: 3, Valid Percent: 100.00%, Whitelist: 0, IPv4: 3, IPv6: 0, Min Delay: 1607 ms, Max Speed: 0.83 M/s, Avg Speed: 0.79 M/s, Max Resolution: 1280x720
Category: 📚┃浙江频道, Name: 龙泉新闻综合, Total: 1, Valid: 1, Valid Percent: 100.00%, Whitelist: 0, IPv4: 1, IPv6: 0, Min Delay: 1638 ms, Max Speed: 1.04 M/s, Avg Speed: 1.04 M/s, Max Resolution: 1920x1080
Category: 📚┃浙江频道, Name: 象山综合, Total: 2, Valid: 1, Valid Percent: 50.00%, Whitelist: 0, IPv4: 1, IPv6: 1, Min Delay: 1655 ms, Max Speed: 0.85 M/s, Avg Speed: 0.85 M/s, Max Resolution: 1920x1080
Category: 📚┃浙江频道, Name: 象山电视台新闻综合, Total: 1, Valid: 1, Valid Percent: 100.00%, Whitelist: 0, IPv4: 1, IPv6: 0, Min Delay: 1831 ms, Max Speed: 1.01 M/s, Avg Speed: 1.01 M/s, Max Resolution: 1280x720
Category: 📚┃浙江频道, Name: 衢江新闻综合, Total: 5, Valid: 0, Valid Percent: 0.00%, Whitelist: 0, IPv4: 0, IPv6: 5, Min Delay: -1 ms, Max Speed: 0.00 M/s, Avg Speed: 0.00 M/s, Max Resolution: None
Category: 📚┃浙江频道, Name: 萧山生活, Total: 3, Valid: 3, Valid Percent: 100.00%, Whitelist: 0, IPv4: 3, IPv6: 0, Min Delay: 1683 ms, Max Speed: 1.35 M/s, Avg Speed: 1.24 M/s, Max Resolution: 1280x720
Category: 📚┃浙江频道, Name: 萧山新闻综合, Total: 10, Valid: 0, Valid Percent: 0.00%, Whitelist: 0, IPv4: 0, IPv6: 10, Min Delay: -1 ms, Max Speed: 0.00 M/s, Avg Speed: 0.00 M/s, Max Resolution: None
Category: 📚┃浙江频道, Name: 苍南新闻综合, Total: 7, Valid: 0, Valid Percent: 0.00%, Whitelist: 0, IPv4: 0, IPv6: 7, Min Delay: -1 ms, Max Speed: 0.00 M/s, Avg Speed: 0.00 M/s, Max Resolution: None
Category: 📚┃浙江频道, Name: 缙云综合, Total: 3, Valid: 3, Valid Percent: 100.00%, Whitelist: 0, IPv4: 3, IPv6: 0, Min Delay: 1723 ms, Max Speed: 0.99 M/s, Avg Speed: 0.96 M/s, Max Resolution: 1280x720
Category: 📚┃浙江频道, Name: 绍兴电视台公共, Total: 1, Valid: 1, Valid Percent: 100.00%, Whitelist: 0, IPv4: 1, IPv6: 0, Min Delay: 3646 ms, Max Speed: 0.22 M/s, Avg Speed: 0.22 M/s, Max Resolution: 1280x720
Category: 📚┃浙江频道, Name: 绍兴新闻综合, Total: 6, Valid: 0, Valid Percent: 0.00%, Whitelist: 0, IPv4: 0, IPv6: 6, Min Delay: -1 ms, Max Speed: 0.00 M/s, Avg Speed: 0.00 M/s, Max Resolution: None
Category: 📚┃浙江频道, Name: 绍兴文化影院, Total: 5, Valid: 0, Valid Percent: 0.00%, Whitelist: 0, IPv4: 0, IPv6: 5, Min Delay: -1 ms, Max Speed: 0.00 M/s, Avg Speed: 0.00 M/s, Max Resolution: None
Category: 📚┃浙江频道, Name: 绍兴文化影视, Total: 2, Valid: 0, Valid Percent: 0.00%, Whitelist: 0, IPv4: 0, IPv6: 2, Min Delay: -1 ms, Max Speed: 0.00 M/s, Avg Speed: 0.00 M/s, Max Resolution: None
Category: 📚┃浙江频道, Name: 绍兴公共, Total: 9, Valid: 0, Valid Percent: 0.00%, Whitelist: 0, IPv4: 0, IPv6: 9, Min Delay: -1 ms, Max Speed: 0.00 M/s, Avg Speed: 0.00 M/s, Max Resolution: None
Category: 📚┃浙江频道, Name: 湖州公共民生, Total: 1, Valid: 1, Valid Percent: 100.00%, Whitelist: 0, IPv4: 1, IPv6: 0, Min Delay: 1112 ms, Max Speed: 0.30 M/s, Avg Speed: 0.30 M/s, Max Resolution: 1280x720
Category: 📚┃浙江频道, Name: 海宁新闻综合, Total: 3, Valid: 3, Valid Percent: 100.00%, Whitelist: 0, IPv4: 3, IPv6: 0, Min Delay: 1216 ms, Max Speed: 0.59 M/s, Avg Speed: 0.47 M/s, Max Resolution: 1280x720
Category: 📚┃浙江频道, Name: 洞头综合, Total: 2, Valid: 2, Valid Percent: 100.00%, Whitelist: 0, IPv4: 2, IPv6: 0, Min Delay: 1702 ms, Max Speed: 1.06 M/s, Avg Speed: 1.04 M/s, Max Resolution: 720x540
Category: 📚┃浙江频道, Name: 永嘉新闻综合, Total: 5, Valid: 0, Valid Percent: 0.00%, Whitelist: 0, IPv4: 0, IPv6: 5, Min Delay: -1 ms, Max Speed: 0.00 M/s, Avg Speed: 0.00 M/s, Max Resolution: None
Category: 📚┃浙江频道, Name: 武义新闻综合, Total: 2, Valid: 0, Valid Percent: 0.00%, Whitelist: 0, IPv4: 0, IPv6: 2, Min Delay: -1 ms, Max Speed: 0.00 M/s, Avg Speed: 0.00 M/s, Max Resolution: None
Category: 📚┃浙江频道, Name: 松阳综合, Total: 2, Valid: 1, Valid Percent: 50.00%, Whitelist: 0, IPv4: 1, IPv6: 1, Min Delay: 2325 ms, Max Speed: 3.58 M/s, Avg Speed: 3.58 M/s, Max Resolution: 1920x1080
Category: 📚┃浙江频道, Name: 松阳新闻综合, Total: 1, Valid: 1, Valid Percent: 100.00%, Whitelist: 0, IPv4: 1, IPv6: 0, Min Delay: 2171 ms, Max Speed: 3.82 M/s, Avg Speed: 3.82 M/s, Max Resolution: 1920x1080
Category: 📚┃浙江频道, Name: 普陀电视台, Total: 3, Valid: 3, Valid Percent: 100.00%, Whitelist: 0, IPv4: 3, IPv6: 0, Min Delay: 1652 ms, Max Speed: 1.01 M/s, Avg Speed: 0.99 M/s, Max Resolution: 1280x720
Category: 📚┃浙江频道, Name: 普陀新闻综合, Total: 1, Valid: 1, Valid Percent: 100.00%, Whitelist: 0, IPv4: 1, IPv6: 0, Min Delay: 1618 ms, Max Speed: 1.00 M/s, Avg Speed: 1.00 M/s, Max Resolution: 1280x720
Category: 📚┃浙江频道, Name: 新昌生活, Total: 1, Valid: 1, Valid Percent: 100.00%, Whitelist: 0, IPv4: 1, IPv6: 0, Min Delay: 1766 ms, Max Speed: 0.66 M/s, Avg Speed: 0.66 M/s, Max Resolution: 1920x1080
Category: 📚┃浙江频道, Name: 新昌新闻综合, Total: 3, Valid: 0, Valid Percent: 0.00%, Whitelist: 0, IPv4: 0, IPv6: 3, Min Delay: -1 ms, Max Speed: 0.00 M/s, Avg Speed: 0.00 M/s, Max Resolution: None
Category: 📚┃浙江频道, Name: 文成综合, Total: 3, Valid: 3, Valid Percent: 100.00%, Whitelist: 0, IPv4: 3, IPv6: 0, Min Delay: 1597 ms, Max Speed: 1.04 M/s, Avg Speed: 1.02 M/s, Max Resolution: 1280x720
Category: 📚┃浙江频道, Name: 开化新闻综合, Total: 2, Valid: 0, Valid Percent: 0.00%, Whitelist: 0, IPv4: 0, IPv6: 2, Min Delay: -1 ms, Max Speed: 0.00 M/s, Avg Speed: 0.00 M/s, Max Resolution: None
Category: 📚┃浙江频道, Name: 开化国家公园, Total: 4, Valid: 4, Valid Percent: 100.00%, Whitelist: 0, IPv4: 4, IPv6: 0, Min Delay: 1609 ms, Max Speed: 1.02 M/s, Avg Speed: 0.97 M/s, Max Resolution: 1280x720
Category: 📚┃浙江频道, Name: 庆元综合, Total: 3, Valid: 3, Valid Percent: 100.00%, Whitelist: 0, IPv4: 3, IPv6: 0, Min Delay: 1689 ms, Max Speed: 1.34 M/s, Avg Speed: 1.31 M/s, Max Resolution: 1920x1080
Category: 📚┃浙江频道, Name: 平湖民生休闲, Total: 2, Valid: 2, Valid Percent: 100.00%, Whitelist: 0, IPv4: 2, IPv6: 0, Min Delay: 1237 ms, Max Speed: 0.27 M/s, Avg Speed: 0.27 M/s, Max Resolution: 1280x720
Category: 📚┃浙江频道, Name: 平湖新闻综合, Total: 7, Valid: 0, Valid Percent: 0.00%, Whitelist: 0, IPv4: 0, IPv6: 7, Min Delay: -1 ms, Max Speed: 0.00 M/s, Avg Speed: 0.00 M/s, Max Resolution: None
Category: 📚┃浙江频道, Name: 嵊泗综合, Total: 4, Valid: 0, Valid Percent: 0.00%, Whitelist: 0, IPv4: 0, IPv6: 4, Min Delay: -1 ms, Max Speed: 0.00 M/s, Avg Speed: 0.00 M/s, Max Resolution: None
Category: 📚┃浙江频道, Name: 嵊泗新闻综合, Total: 1, Valid: 1, Valid Percent: 100.00%, Whitelist: 0, IPv4: 1, IPv6: 0, Min Delay: 1692 ms, Max Speed: 0.97 M/s, Avg Speed: 0.97 M/s, Max Resolution: 720x576
Category: 📚┃浙江频道, Name: 嵊州新闻综合, Total: 1, Valid: 0, Valid Percent: 0.00%, Whitelist: 0, IPv4: 0, IPv6: 1, Min Delay: -1 ms, Max Speed: 0.00 M/s, Avg Speed: 0.00 M/s, Max Resolution: None
Category: 📚┃浙江频道, Name: 兰溪新闻综合, Total: 4, Valid: 0, Valid Percent: 0.00%, Whitelist: 0, IPv4: 0, IPv6: 4, Min Delay: -1 ms, Max Speed: 0.00 M/s, Avg Speed: 0.00 M/s, Max Resolution: None
Category: 📚┃浙江频道, Name: 余杭综合, Total: 1, Valid: 1, Valid Percent: 100.00%, Whitelist: 0, IPv4: 1, IPv6: 0, Min Delay: 1586 ms, Max Speed: 0.78 M/s, Avg Speed: 0.78 M/s, Max Resolution: 1920x1080
Category: 📚┃浙江频道, Name: 余杭未来E, Total: 1, Valid: 1, Valid Percent: 100.00%, Whitelist: 0, IPv4: 1, IPv6: 0, Min Delay: 1919 ms, Max Speed: 1.09 M/s, Avg Speed: 1.09 M/s, Max Resolution: 1920x1080
Category: 📚┃浙江频道, Name: 余姚综合, Total: 3, Valid: 3, Valid Percent: 100.00%, Whitelist: 0, IPv4: 3, IPv6: 0, Min Delay: 1770 ms, Max Speed: 1.03 M/s, Avg Speed: 1.00 M/s, Max Resolution: 1920x1080
Category: 📚┃浙江频道, Name: 余姚姚江文化, Total: 1, Valid: 1, Valid Percent: 100.00%, Whitelist: 0, IPv4: 1, IPv6: 0, Min Delay: 1876 ms, Max Speed: 0.99 M/s, Avg Speed: 0.99 M/s, Max Resolution: 1920x1080
Category: 📚┃浙江频道, Name: 云和新闻综合, Total: 2, Valid: 2, Valid Percent: 100.00%, Whitelist: 0, IPv4: 2, IPv6: 0, Min Delay: 1898 ms, Max Speed: 1.48 M/s, Avg Speed: 1.43 M/s, Max Resolution: 1280x720
Category: 📚┃浙江频道, Name: 中国蓝新闻, Total: 2, Valid: 2, Valid Percent: 100.00%, Whitelist: 0, IPv4: 2, IPv6: 0, Min Delay: 964 ms, Max Speed: 0.37 M/s, Avg Speed: 0.36 M/s, Max Resolution: 1920x1080
Category: 📚┃浙江频道, Name: 东阳影视生活, Total: 1, Valid: 1, Valid Percent: 100.00%, Whitelist: 0, IPv4: 1, IPv6: 0, Min Delay: 1884 ms, Max Speed: 1.53 M/s, Avg Speed: 1.53 M/s, Max Resolution: 1280x720
Category: 📚┃浙江频道, Name: 上虞新闻综合, Total: 3, Valid: 3, Valid Percent: 100.00%, Whitelist: 0, IPv4: 3, IPv6: 0, Min Delay: 1853 ms, Max Speed: 1.84 M/s, Avg Speed: 1.78 M/s, Max Resolution: 1920x1080
Category: 📚┃浙江频道, Name: 上虞新商都, Total: 10, Valid: 0, Valid Percent: 0.00%, Whitelist: 0, IPv4: 0, IPv6: 10, Min Delay: -1 ms, Max Speed: 0.00 M/s, Avg Speed: 0.00 M/s, Max Resolution: None
Category: 📚┃浙江频道, Name: 上虞文化影院, Total: 6, Valid: 0, Valid Percent: 0.00%, Whitelist: 0, IPv4: 0, IPv6: 6, Min Delay: -1 ms, Max Speed: 0.00 M/s, Avg Speed: 0.00 M/s, Max Resolution: None
Category: 📚┃浙江频道, Name: 上虞文化影视, Total: 1, Valid: 1, Valid Percent: 100.00%, Whitelist: 0, IPv4: 1, IPv6: 0, Min Delay: 1915 ms, Max Speed: 1.93 M/s, Avg Speed: 1.93 M/s, Max Resolution: 1920x1080
Category: 📚┃北京频道, Name: 北京卡酷少儿, Total: 59, Valid: 2, Valid Percent: 3.39%, Whitelist: 0, IPv4: 2, IPv6: 57, Min Delay: 425 ms, Max Speed: 0.87 M/s, Avg Speed: 0.46 M/s, Max Resolution: 1920x1080
Category: 📚┃北京频道, Name: 北京新闻, Total: 62, Valid: 3, Valid Percent: 4.84%, Whitelist: 0, IPv4: 3, IPv6: 59, Min Delay: 96 ms, Max Speed: 1.14 M/s, Avg Speed: 0.73 M/s, Max Resolution: 1920x1080
Category: 📚┃北京频道, Name: 北京生活, Total: 58, Valid: 3, Valid Percent: 5.17%, Whitelist: 0, IPv4: 3, IPv6: 55, Min Delay: 408 ms, Max Speed: 0.88 M/s, Avg Speed: 0.43 M/s, Max Resolution: 1920x1080
Category: 📚┃北京频道, Name: 北京科教, Total: 1, Valid: 1, Valid Percent: 100.00%, Whitelist: 0, IPv4: 1, IPv6: 0, Min Delay: 40 ms, Max Speed: 2.73 M/s, Avg Speed: 2.73 M/s, Max Resolution: 19x24
Category: 📚┃北京频道, Name: 北京财经, Total: 57, Valid: 2, Valid Percent: 3.51%, Whitelist: 0, IPv4: 2, IPv6: 55, Min Delay: 427 ms, Max Speed: 0.87 M/s, Avg Speed: 0.48 M/s, Max Resolution: 1920x1080
Category: 📚┃北京频道, Name: 北京青年, Total: 1, Valid: 1, Valid Percent: 100.00%, Whitelist: 0, IPv4: 1, IPv6: 0, Min Delay: 36 ms, Max Speed: 3.10 M/s, Avg Speed: 3.10 M/s, Max Resolution: 19x24
Category: 📚┃上海频道, Name: 七彩戏剧, Total: 2, Valid: 0, Valid Percent: 0.00%, Whitelist: 0, IPv4: 0, IPv6: 2, Min Delay: -1 ms, Max Speed: 0.00 M/s, Avg Speed: 0.00 M/s, Max Resolution: None
Category: 📚┃上海频道, Name: 上海外语, Total: 3, Valid: 0, Valid Percent: 0.00%, Whitelist: 0, IPv4: 0, IPv6: 3, Min Delay: -1 ms, Max Speed: 0.00 M/s, Avg Speed: 0.00 M/s, Max Resolution: None
Category: 📚┃上海频道, Name: 上海新闻综合, Total: 68, Valid: 2, Valid Percent: 2.94%, Whitelist: 0, IPv4: 2, IPv6: 66, Min Delay: 131 ms, Max Speed: 7.37 M/s, Avg Speed: 7.09 M/s, Max Resolution: 1920x1080
Category: 📚┃上海频道, Name: 上海第一财经, Total: 56, Valid: 2, Valid Percent: 3.57%, Whitelist: 0, IPv4: 2, IPv6: 54, Min Delay: 142 ms, Max Speed: 6.90 M/s, Avg Speed: 6.86 M/s, Max Resolution: 1920x1080
Category: 📚┃上海频道, Name: 上海纪实, Total: 7, Valid: 0, Valid Percent: 0.00%, Whitelist: 0, IPv4: 0, IPv6: 7, Min Delay: -1 ms, Max Speed: 0.00 M/s, Avg Speed: 0.00 M/s, Max Resolution: None
Category: 📚┃上海频道, Name: 上海都市, Total: 58, Valid: 0, Valid Percent: 0.00%, Whitelist: 0, IPv4: 0, IPv6: 58, Min Delay: -1 ms, Max Speed: 0.00 M/s, Avg Speed: 0.00 M/s, Max Resolution: None
Category: 📚┃上海频道, Name: 东方影视, Total: 14, Valid: 0, Valid Percent: 0.00%, Whitelist: 0, IPv4: 0, IPv6: 14, Min Delay: -1 ms, Max Speed: 0.00 M/s, Avg Speed: 0.00 M/s, Max Resolution: None
Category: 📚┃上海频道, Name: 东方财经, Total: 2, Valid: 0, Valid Percent: 0.00%, Whitelist: 0, IPv4: 0, IPv6: 2, Min Delay: -1 ms, Max Speed: 0.00 M/s, Avg Speed: 0.00 M/s, Max Resolution: None
Category: 📚┃上海频道, Name: 全纪实, Total: 1, Valid: 1, Valid Percent: 100.00%, Whitelist: 0, IPv4: 1, IPv6: 0, Min Delay: 10368 ms, Max Speed: 0.23 M/s, Avg Speed: 0.23 M/s, Max Resolution: 1920x1080
Category: 📚┃上海频道, Name: 动漫秀场, Total: 21, Valid: 0, Valid Percent: 0.00%, Whitelist: 0, IPv4: 0, IPv6: 21, Min Delay: -1 ms, Max Speed: 0.00 M/s, Avg Speed: 0.00 M/s, Max Resolution: None
Category: 📚┃上海频道, Name: 哈哈炫动, Total: 65, Valid: 0, Valid Percent: 0.00%, Whitelist: 0, IPv4: 0, IPv6: 65, Min Delay: -1 ms, Max Speed: 0.00 M/s, Avg Speed: 0.00 M/s, Max Resolution: None
Category: 📚┃上海频道, Name: 新闻综合, Total: 16, Valid: 1, Valid Percent: 6.25%, Whitelist: 0, IPv4: 1, IPv6: 15, Min Delay: 1851 ms, Max Speed: 0.71 M/s, Avg Speed: 0.71 M/s, Max Resolution: 1920x1080
Category: 📚┃上海频道, Name: 欢笑剧场, Total: 15, Valid: 0, Valid Percent: 0.00%, Whitelist: 0, IPv4: 0, IPv6: 15, Min Delay: -1 ms, Max Speed: 0.00 M/s, Avg Speed: 0.00 M/s, Max Resolution: None
Category: 📚┃上海频道, Name: 法治天地, Total: 14, Valid: 1, Valid Percent: 7.14%, Whitelist: 0, IPv4: 1, IPv6: 13, Min Delay: 454 ms, Max Speed: 0.70 M/s, Avg Speed: 0.70 M/s, Max Resolution: 1920x1080
Category: 📚┃上海频道, Name: 生活时尚, Total: 11, Valid: 0, Valid Percent: 0.00%, Whitelist: 0, IPv4: 0, IPv6: 11, Min Delay: -1 ms, Max Speed: 0.00 M/s, Avg Speed: 0.00 M/s, Max Resolution: None
Category: 📚┃上海频道, Name: 第一财经, Total: 16, Valid: 0, Valid Percent: 0.00%, Whitelist: 0, IPv4: 0, IPv6: 16, Min Delay: -1 ms, Max Speed: 0.00 M/s, Avg Speed: 0.00 M/s, Max Resolution: None
Category: 📚┃上海频道, Name: 纪实人文, Total: 3, Valid: 0, Valid Percent: 0.00%, Whitelist: 0, IPv4: 0, IPv6: 3, Min Delay: -1 ms, Max Speed: 0.00 M/s, Avg Speed: 0.00 M/s, Max Resolution: None
Category: 📚┃上海频道, Name: 都市剧场, Total: 17, Valid: 2, Valid Percent: 11.76%, Whitelist: 0, IPv4: 2, IPv6: 15, Min Delay: 108 ms, Max Speed: 1.02 M/s, Avg Speed: 0.62 M/s, Max Resolution: 1920x1080
Category: 📚┃重庆频道, Name: 璧山综合, Total: 1, Valid: 1, Valid Percent: 100.00%, Whitelist: 0, IPv4: 1, IPv6: 0, Min Delay: 7759 ms, Max Speed: 0.49 M/s, Avg Speed: 0.49 M/s, Max Resolution: 1920x1080
Category: 📚┃重庆频道, Name: 铜梁综合, Total: 3, Valid: 3, Valid Percent: 100.00%, Whitelist: 0, IPv4: 3, IPv6: 0, Min Delay: 2414 ms, Max Speed: 0.47 M/s, Avg Speed: 0.29 M/s, Max Resolution: 720x576
Category: 📚┃重庆频道, Name: 重庆汽摩, Total: 2, Valid: 2, Valid Percent: 100.00%, Whitelist: 0, IPv4: 2, IPv6: 0, Min Delay: 3570 ms, Max Speed: 0.65 M/s, Avg Speed: 0.44 M/s, Max Resolution: 1920x1080
Category: 📚┃重庆频道, Name: 荣昌综合, Total: 1, Valid: 1, Valid Percent: 100.00%, Whitelist: 0, IPv4: 1, IPv6: 0, Min Delay: 2013 ms, Max Speed: 0.24 M/s, Avg Speed: 0.24 M/s, Max Resolution: 720x404
Category: 📚┃重庆频道, Name: 涪陵电视台, Total: 1, Valid: 1, Valid Percent: 100.00%, Whitelist: 0, IPv4: 1, IPv6: 0, Min Delay: 10806 ms, Max Speed: 0.22 M/s, Avg Speed: 0.22 M/s, Max Resolution: 1920x1080
Category: 📚┃重庆频道, Name: 江津新闻综合, Total: 2, Valid: 2, Valid Percent: 100.00%, Whitelist: 0, IPv4: 2, IPv6: 0, Min Delay: 10819 ms, Max Speed: 0.28 M/s, Avg Speed: 0.23 M/s, Max Resolution: 1920x1080
Category: 📚┃重庆频道, Name: 武隆综合, Total: 1, Valid: 1, Valid Percent: 100.00%, Whitelist: 0, IPv4: 1, IPv6: 0, Min Delay: 5792 ms, Max Speed: 0.22 M/s, Avg Speed: 0.22 M/s, Max Resolution: 720x576
Category: 📚┃重庆频道, Name: 万州综合, Total: 2, Valid: 2, Valid Percent: 100.00%, Whitelist: 0, IPv4: 2, IPv6: 0, Min Delay: 1375 ms, Max Speed: 0.07 M/s, Avg Speed: 0.06 M/s, Max Resolution: 720x576
Category: 📚┃重庆频道, Name: 万州三峡移民, Total: 1, Valid: 0, Valid Percent: 0.00%, Whitelist: 0, IPv4: 0, IPv6: 1, Min Delay: -1 ms, Max Speed: 0.00 M/s, Avg Speed: 0.00 M/s, Max Resolution: None
Category: 📚┃重庆频道, Name: 重庆时尚购物, Total: 1, Valid: 0, Valid Percent: 0.00%, Whitelist: 0, IPv4: 1, IPv6: 0, Min Delay: 384 ms, Max Speed: 0.00 M/s, Avg Speed: 0.00 M/s, Max Resolution: None
Category: 🎬┃电影频道, Name: CHC家庭影院, Total: 49, Valid: 2, Valid Percent: 4.08%, Whitelist: 0, IPv4: 2, IPv6: 47, Min Delay: 132 ms, Max Speed: 7.17 M/s, Avg Speed: 6.89 M/s, Max Resolution: 1920x1080
Category: 🎬┃电影频道, Name: CHC动作电影, Total: 46, Valid: 2, Valid Percent: 4.35%, Whitelist: 0, IPv4: 2, IPv6: 44, Min Delay: 139 ms, Max Speed: 7.11 M/s, Avg Speed: 6.84 M/s, Max Resolution: 1920x1080
Category: 🎬┃电影频道, Name: 淘剧场, Total: 9, Valid: 2, Valid Percent: 22.22%, Whitelist: 0, IPv4: 2, IPv6: 7, Min Delay: 495 ms, Max Speed: 0.86 M/s, Avg Speed: 0.86 M/s, Max Resolution: 1920x1080
Category: 🎬┃电影频道, Name: 淘娱乐, Total: 9, Valid: 2, Valid Percent: 22.22%, Whitelist: 0, IPv4: 2, IPv6: 7, Min Delay: 426 ms, Max Speed: 0.88 M/s, Avg Speed: 0.87 M/s, Max Resolution: 1920x1080
Category: 🎬┃电影频道, Name: 淘电影, Total: 13, Valid: 2, Valid Percent: 15.38%, Whitelist: 0, IPv4: 2, IPv6: 11, Min Delay: 462 ms, Max Speed: 0.88 M/s, Avg Speed: 0.87 M/s, Max Resolution: 1920x1080
Category: 🎬┃电影频道, Name: NewTV惊悚悬疑, Total: 9, Valid: 0, Valid Percent: 0.00%, Whitelist: 0, IPv4: 0, IPv6: 9, Min Delay: -1 ms, Max Speed: 0.00 M/s, Avg Speed: 0.00 M/s, Max Resolution: None
Category: 🎬┃电影频道, Name: NewTV动作电影, Total: 3, Valid: 0, Valid Percent: 0.00%, Whitelist: 0, IPv4: 0, IPv6: 3, Min Delay: -1 ms, Max Speed: 0.00 M/s, Avg Speed: 0.00 M/s, Max Resolution: None
Category: 🎬┃电影频道, Name: 纬来电影, Total: 43, Valid: 0, Valid Percent: 0.00%, Whitelist: 0, IPv4: 0, IPv6: 43, Min Delay: -1 ms, Max Speed: 0.00 M/s, Avg Speed: 0.00 M/s, Max Resolution: None
Category: 🎬┃电影频道, Name: 靖天映画, Total: 6, Valid: 0, Valid Percent: 0.00%, Whitelist: 0, IPv4: 0, IPv6: 6, Min Delay: -1 ms, Max Speed: 0.00 M/s, Avg Speed: 0.00 M/s, Max Resolution: None
Category: 🎬┃电影频道, Name: 靖天戏剧, Total: 23, Valid: 0, Valid Percent: 0.00%, Whitelist: 0, IPv4: 0, IPv6: 23, Min Delay: -1 ms, Max Speed: 0.00 M/s, Avg Speed: 0.00 M/s, Max Resolution: None
Category: 🎬┃电影频道, Name: 经典电影, Total: 8, Valid: 0, Valid Percent: 0.00%, Whitelist: 0, IPv4: 0, IPv6: 8, Min Delay: -1 ms, Max Speed: 0.00 M/s, Avg Speed: 0.00 M/s, Max Resolution: None
Category: 🎬┃电影频道, Name: IPTV经典电影, Total: 1, Valid: 1, Valid Percent: 100.00%, Whitelist: 0, IPv4: 1, IPv6: 0, Min Delay: 131 ms, Max Speed: 3.60 M/s, Avg Speed: 3.60 M/s, Max Resolution: 1920x1080
Category: 🎬┃电影频道, Name: 天映经典, Total: 47, Valid: 0, Valid Percent: 0.00%, Whitelist: 0, IPv4: 0, IPv6: 47, Min Delay: -1 ms, Max Speed: 0.00 M/s, Avg Speed: 0.00 M/s, Max Resolution: None
Category: 🎬┃电影频道, Name: 无线星河, Total: 10, Valid: 0, Valid Percent: 0.00%, Whitelist: 0, IPv4: 0, IPv6: 10, Min Delay: -1 ms, Max Speed: 0.00 M/s, Avg Speed: 0.00 M/s, Max Resolution: None
Category: 🎬┃电影频道, Name: 星空卫视, Total: 7, Valid: 0, Valid Percent: 0.00%, Whitelist: 0, IPv4: 0, IPv6: 7, Min Delay: -1 ms, Max Speed: 0.00 M/s, Avg Speed: 0.00 M/s, Max Resolution: None
Category: 🎬┃电影频道, Name: 东森电影, Total: 6, Valid: 0, Valid Percent: 0.00%, Whitelist: 0, IPv4: 0, IPv6: 6, Min Delay: -1 ms, Max Speed: 0.00 M/s, Avg Speed: 0.00 M/s, Max Resolution: None
Category: 🎬┃电影频道, Name: 龙祥电影, Total: 4, Valid: 0, Valid Percent: 0.00%, Whitelist: 0, IPv4: 0, IPv6: 4, Min Delay: -1 ms, Max Speed: 0.00 M/s, Avg Speed: 0.00 M/s, Max Resolution: None
Category: 🎬┃电影频道, Name: 东森洋片, Total: 37, Valid: 0, Valid Percent: 0.00%, Whitelist: 0, IPv4: 0, IPv6: 37, Min Delay: -1 ms, Max Speed: 0.00 M/s, Avg Speed: 0.00 M/s, Max Resolution: None
Category: 🎬┃电影频道, Name: 东森超视, Total: 12, Valid: 0, Valid Percent: 0.00%, Whitelist: 0, IPv4: 0, IPv6: 12, Min Delay: -1 ms, Max Speed: 0.00 M/s, Avg Speed: 0.00 M/s, Max Resolution: None
Category: 💰┃付费频道, Name: 文化精品, Total: 3, Valid: 1, Valid Percent: 33.33%, Whitelist: 0, IPv4: 1, IPv6: 2, Min Delay: 575 ms, Max Speed: 7.65 M/s, Avg Speed: 7.65 M/s, Max Resolution: 1920x1080
Category: 💰┃付费频道, Name: 央视台球, Total: 5, Valid: 1, Valid Percent: 20.00%, Whitelist: 0, IPv4: 1, IPv6: 4, Min Delay: 664 ms, Max Speed: 6.63 M/s, Avg Speed: 6.63 M/s, Max Resolution: 1920x1080
Category: 💰┃付费频道, Name: 风云音乐, Total: 4, Valid: 2, Valid Percent: 50.00%, Whitelist: 0, IPv4: 2, IPv6: 2, Min Delay: 411 ms, Max Speed: 7.18 M/s, Avg Speed: 3.65 M/s, Max Resolution: 1920x1080
Category: 💰┃付费频道, Name: 第一剧场, Total: 7, Valid: 1, Valid Percent: 14.29%, Whitelist: 0, IPv4: 1, IPv6: 6, Min Delay: 468 ms, Max Speed: 0.05 M/s, Avg Speed: 0.05 M/s, Max Resolution: 1920x1080
Category: 💰┃付费频道, Name: 风云剧场, Total: 3, Valid: 1, Valid Percent: 33.33%, Whitelist: 0, IPv4: 1, IPv6: 2, Min Delay: 541 ms, Max Speed: 8.12 M/s, Avg Speed: 8.12 M/s, Max Resolution: 1920x1080
Category: 💰┃付费频道, Name: 怀旧剧场, Total: 4, Valid: 2, Valid Percent: 50.00%, Whitelist: 0, IPv4: 2, IPv6: 2, Min Delay: 479 ms, Max Speed: 7.56 M/s, Avg Speed: 3.81 M/s, Max Resolution: 1920x1080
Category: 💰┃付费频道, Name: 女性时尚, Total: 2, Valid: 1, Valid Percent: 50.00%, Whitelist: 0, IPv4: 1, IPv6: 1, Min Delay: 529 ms, Max Speed: 8.12 M/s, Avg Speed: 8.12 M/s, Max Resolution: 1920x1080
Category: 💰┃付费频道, Name: 高尔夫网球, Total: 4, Valid: 2, Valid Percent: 50.00%, Whitelist: 0, IPv4: 2, IPv6: 2, Min Delay: 438 ms, Max Speed: 6.10 M/s, Avg Speed: 3.07 M/s, Max Resolution: 1920x1080
Category: 💰┃付费频道, Name: 风云足球, Total: 6, Valid: 1, Valid Percent: 16.67%, Whitelist: 0, IPv4: 1, IPv6: 5, Min Delay: 231 ms, Max Speed: 0.38 M/s, Avg Speed: 0.38 M/s, Max Resolution: 1920x1080
Category: 💰┃付费频道, Name: 电视指南, Total: 3, Valid: 2, Valid Percent: 66.67%, Whitelist: 0, IPv4: 2, IPv6: 1, Min Delay: 445 ms, Max Speed: 8.30 M/s, Avg Speed: 4.19 M/s, Max Resolution: 1920x1080
Category: 💰┃付费频道, Name: 世界地理, Total: 2, Valid: 1, Valid Percent: 50.00%, Whitelist: 0, IPv4: 1, IPv6: 1, Min Delay: 496 ms, Max Speed: 7.20 M/s, Avg Speed: 7.20 M/s, Max Resolution: 1920x1080
Category: 💰┃付费频道, Name: 兵器科技, Total: 4, Valid: 2, Valid Percent: 50.00%, Whitelist: 0, IPv4: 2, IPv6: 2, Min Delay: 420 ms, Max Speed: 7.90 M/s, Avg Speed: 4.10 M/s, Max Resolution: 1920x1080
Category: 🎥┃咪咕直播, Name: 咪咕直播2, Total: 1, Valid: 0, Valid Percent: 0.00%, Whitelist: 0, IPv4: 0, IPv6: 1, Min Delay: -1 ms, Max Speed: 0.00 M/s, Avg Speed: 0.00 M/s, Max Resolution: None
Category: 🎥┃咪咕直播, Name: 咪咕直播3, Total: 1, Valid: 0, Valid Percent: 0.00%, Whitelist: 0, IPv4: 0, IPv6: 1, Min Delay: -1 ms, Max Speed: 0.00 M/s, Avg Speed: 0.00 M/s, Max Resolution: None
Category: 🎥┃咪咕直播, Name: 咪咕直播4, Total: 1, Valid: 0, Valid Percent: 0.00%, Whitelist: 0, IPv4: 0, IPv6: 1, Min Delay: -1 ms, Max Speed: 0.00 M/s, Avg Speed: 0.00 M/s, Max Resolution: None
Category: 🎥┃咪咕直播, Name: 咪咕直播5, Total: 1, Valid: 0, Valid Percent: 0.00%, Whitelist: 0, IPv4: 0, IPv6: 1, Min Delay: -1 ms, Max Speed: 0.00 M/s, Avg Speed: 0.00 M/s, Max Resolution: None
Category: 🎥┃咪咕直播, Name: 咪咕直播6, Total: 1, Valid: 0, Valid Percent: 0.00%, Whitelist: 0, IPv4: 0, IPv6: 1, Min Delay: -1 ms, Max Speed: 0.00 M/s, Avg Speed: 0.00 M/s, Max Resolution: None
Category: 🎥┃咪咕直播, Name: 咪咕直播7, Total: 1, Valid: 0, Valid Percent: 0.00%, Whitelist: 0, IPv4: 0, IPv6: 1, Min Delay: -1 ms, Max Speed: 0.00 M/s, Avg Speed: 0.00 M/s, Max Resolution: None
Category: 🎥┃咪咕直播, Name: 咪咕直播8, Total: 1, Valid: 0, Valid Percent: 0.00%, Whitelist: 0, IPv4: 0, IPv6: 1, Min Delay: -1 ms, Max Speed: 0.00 M/s, Avg Speed: 0.00 M/s, Max Resolution: None
Category: 🎥┃咪咕直播, Name: 咪咕直播9, Total: 1, Valid: 0, Valid Percent: 0.00%, Whitelist: 0, IPv4: 0, IPv6: 1, Min Delay: -1 ms, Max Speed: 0.00 M/s, Avg Speed: 0.00 M/s, Max Resolution: None
Category: 🎥┃咪咕直播, Name: 咪咕直播10, Total: 1, Valid: 0, Valid Percent: 0.00%, Whitelist: 0, IPv4: 0, IPv6: 1, Min Delay: -1 ms, Max Speed: 0.00 M/s, Avg Speed: 0.00 M/s, Max Resolution: None
Category: 🎥┃咪咕直播, Name: 咪咕直播11, Total: 1, Valid: 0, Valid Percent: 0.00%, Whitelist: 0, IPv4: 0, IPv6: 1, Min Delay: -1 ms, Max Speed: 0.00 M/s, Avg Speed: 0.00 M/s, Max Resolution: None
Category: 🎥┃咪咕直播, Name: 咪咕直播12, Total: 1, Valid: 0, Valid Percent: 0.00%, Whitelist: 0, IPv4: 0, IPv6: 1, Min Delay: -1 ms, Max Speed: 0.00 M/s, Avg Speed: 0.00 M/s, Max Resolution: None
Category: 🎥┃咪咕直播, Name: 咪咕直播13, Total: 1, Valid: 0, Valid Percent: 0.00%, Whitelist: 0, IPv4: 0, IPv6: 1, Min Delay: -1 ms, Max Speed: 0.00 M/s, Avg Speed: 0.00 M/s, Max Resolution: None
Category: 🎥┃咪咕直播, Name: 咪咕直播14, Total: 1, Valid: 0, Valid Percent: 0.00%, Whitelist: 0, IPv4: 0, IPv6: 1, Min Delay: -1 ms, Max Speed: 0.00 M/s, Avg Speed: 0.00 M/s, Max Resolution: None
Category: 🎥┃咪咕直播, Name: 咪咕直播15, Total: 1, Valid: 0, Valid Percent: 0.00%, Whitelist: 0, IPv4: 0, IPv6: 1, Min Delay: -1 ms, Max Speed: 0.00 M/s, Avg Speed: 0.00 M/s, Max Resolution: None
Category: 🎥┃咪咕直播, Name: 咪咕直播16, Total: 1, Valid: 0, Valid Percent: 0.00%, Whitelist: 0, IPv4: 0, IPv6: 1, Min Delay: -1 ms, Max Speed: 0.00 M/s, Avg Speed: 0.00 M/s, Max Resolution: None
Category: 🎥┃咪咕直播, Name: 咪咕直播17, Total: 1, Valid: 0, Valid Percent: 0.00%, Whitelist: 0, IPv4: 0, IPv6: 1, Min Delay: -1 ms, Max Speed: 0.00 M/s, Avg Speed: 0.00 M/s, Max Resolution: None
Category: 🎥┃咪咕直播, Name: 咪咕直播18, Total: 1, Valid: 0, Valid Percent: 0.00%, Whitelist: 0, IPv4: 0, IPv6: 1, Min Delay: -1 ms, Max Speed: 0.00 M/s, Avg Speed: 0.00 M/s, Max Resolution: None
Category: 🎥┃咪咕直播, Name: 咪咕直播19, Total: 1, Valid: 0, Valid Percent: 0.00%, Whitelist: 0, IPv4: 0, IPv6: 1, Min Delay: -1 ms, Max Speed: 0.00 M/s, Avg Speed: 0.00 M/s, Max Resolution: None
Category: 🎥┃咪咕直播, Name: 咪咕直播20, Total: 1, Valid: 0, Valid Percent: 0.00%, Whitelist: 0, IPv4: 0, IPv6: 1, Min Delay: -1 ms, Max Speed: 0.00 M/s, Avg Speed: 0.00 M/s, Max Resolution: None
Category: 🎥┃咪咕直播, Name: 咪咕直播21, Total: 1, Valid: 0, Valid Percent: 0.00%, Whitelist: 0, IPv4: 0, IPv6: 1, Min Delay: -1 ms, Max Speed: 0.00 M/s, Avg Speed: 0.00 M/s, Max Resolution: None
Category: 🎥┃咪咕直播, Name: 咪咕直播22, Total: 1, Valid: 0, Valid Percent: 0.00%, Whitelist: 0, IPv4: 0, IPv6: 1, Min Delay: -1 ms, Max Speed: 0.00 M/s, Avg Speed: 0.00 M/s, Max Resolution: None
Category: 🎥┃咪咕直播, Name: 咪咕直播23, Total: 1, Valid: 0, Valid Percent: 0.00%, Whitelist: 0, IPv4: 0, IPv6: 1, Min Delay: -1 ms, Max Speed: 0.00 M/s, Avg Speed: 0.00 M/s, Max Resolution: None
Category: 🎥┃咪咕直播, Name: 咪咕直播24, Total: 1, Valid: 0, Valid Percent: 0.00%, Whitelist: 0, IPv4: 0, IPv6: 1, Min Delay: -1 ms, Max Speed: 0.00 M/s, Avg Speed: 0.00 M/s, Max Resolution: None
Category: 🎥┃咪咕直播, Name: 咪咕直播25, Total: 1, Valid: 0, Valid Percent: 0.00%, Whitelist: 0, IPv4: 0, IPv6: 1, Min Delay: -1 ms, Max Speed: 0.00 M/s, Avg Speed: 0.00 M/s, Max Resolution: None
Category: 🎥┃咪咕直播, Name: 咪咕直播26, Total: 1, Valid: 0, Valid Percent: 0.00%, Whitelist: 0, IPv4: 0, IPv6: 1, Min Delay: -1 ms, Max Speed: 0.00 M/s, Avg Speed: 0.00 M/s, Max Resolution: None
Category: 🎥┃咪咕直播, Name: 咪咕直播27, Total: 1, Valid: 0, Valid Percent: 0.00%, Whitelist: 0, IPv4: 0, IPv6: 1, Min Delay: -1 ms, Max Speed: 0.00 M/s, Avg Speed: 0.00 M/s, Max Resolution: None
Category: 🎥┃咪咕直播, Name: 咪咕直播28, Total: 1, Valid: 0, Valid Percent: 0.00%, Whitelist: 0, IPv4: 0, IPv6: 1, Min Delay: -1 ms, Max Speed: 0.00 M/s, Avg Speed: 0.00 M/s, Max Resolution: None
Category: 🎥┃咪咕直播, Name: 咪咕直播29, Total: 1, Valid: 0, Valid Percent: 0.00%, Whitelist: 0, IPv4: 0, IPv6: 1, Min Delay: -1 ms, Max Speed: 0.00 M/s, Avg Speed: 0.00 M/s, Max Resolution: None
Category: 🎥┃咪咕直播, Name: 咪咕直播30, Total: 1, Valid: 0, Valid Percent: 0.00%, Whitelist: 0, IPv4: 0, IPv6: 1, Min Delay: -1 ms, Max Speed: 0.00 M/s, Avg Speed: 0.00 M/s, Max Resolution: None
Category: 🎥┃咪咕直播, Name: 咪咕直播31, Total: 1, Valid: 0, Valid Percent: 0.00%, Whitelist: 0, IPv4: 0, IPv6: 1, Min Delay: -1 ms, Max Speed: 0.00 M/s, Avg Speed: 0.00 M/s, Max Resolution: None
Category: 🎥┃咪咕直播, Name: 咪咕直播32, Total: 1, Valid: 0, Valid Percent: 0.00%, Whitelist: 0, IPv4: 0, IPv6: 1, Min Delay: -1 ms, Max Speed: 0.00 M/s, Avg Speed: 0.00 M/s, Max Resolution: None
Category: 🎥┃咪咕直播, Name: 咪咕直播33, Total: 1, Valid: 0, Valid Percent: 0.00%, Whitelist: 0, IPv4: 0, IPv6: 1, Min Delay: -1 ms, Max Speed: 0.00 M/s, Avg Speed: 0.00 M/s, Max Resolution: None
Category: 🎥┃咪咕直播, Name: 咪咕直播34, Total: 1, Valid: 0, Valid Percent: 0.00%, Whitelist: 0, IPv4: 0, IPv6: 1, Min Delay: -1 ms, Max Speed: 0.00 M/s, Avg Speed: 0.00 M/s, Max Resolution: None
Category: 🎥┃咪咕直播, Name: 咪咕直播35, Total: 1, Valid: 0, Valid Percent: 0.00%, Whitelist: 0, IPv4: 0, IPv6: 1, Min Delay: -1 ms, Max Speed: 0.00 M/s, Avg Speed: 0.00 M/s, Max Resolution: None
Category: 🎥┃咪咕直播, Name: 咪咕直播36, Total: 1, Valid: 0, Valid Percent: 0.00%, Whitelist: 0, IPv4: 0, IPv6: 1, Min Delay: -1 ms, Max Speed: 0.00 M/s, Avg Speed: 0.00 M/s, Max Resolution: None
Category: 🎥┃咪咕直播, Name: 咪咕直播37, Total: 1, Valid: 0, Valid Percent: 0.00%, Whitelist: 0, IPv4: 0, IPv6: 1, Min Delay: -1 ms, Max Speed: 0.00 M/s, Avg Speed: 0.00 M/s, Max Resolution: None
Category: 🎥┃咪咕直播, Name: 咪咕直播38, Total: 1, Valid: 0, Valid Percent: 0.00%, Whitelist: 0, IPv4: 0, IPv6: 1, Min Delay: -1 ms, Max Speed: 0.00 M/s, Avg Speed: 0.00 M/s, Max Resolution: None
Category: 🏀┃体育频道, Name: CCTV-5, Total: 183, Valid: 0, Valid Percent: 0.00%, Whitelist: 0, IPv4: 0, IPv6: 183, Min Delay: -1 ms, Max Speed: 0.00 M/s, Avg Speed: 0.00 M/s, Max Resolution: None
Category: 🏀┃体育频道, Name: CCTV-5+, Total: 37, Valid: 0, Valid Percent: 0.00%, Whitelist: 0, IPv4: 0, IPv6: 37, Min Delay: -1 ms, Max Speed: 0.00 M/s, Avg Speed: 0.00 M/s, Max Resolution: None
Category: 🏀┃体育频道, Name: 广东体育, Total: 136, Valid: 0, Valid Percent: 0.00%, Whitelist: 0, IPv4: 0, IPv6: 136, Min Delay: -1 ms, Max Speed: 0.00 M/s, Avg Speed: 0.00 M/s, Max Resolution: None
Category: 🏀┃体育频道, Name: 纬来体育, Total: 8, Valid: 0, Valid Percent: 0.00%, Whitelist: 0, IPv4: 0, IPv6: 8, Min Delay: -1 ms, Max Speed: 0.00 M/s, Avg Speed: 0.00 M/s, Max Resolution: None
Category: 🏀┃体育频道, Name: 五星体育, Total: 72, Valid: 0, Valid Percent: 0.00%, Whitelist: 0, IPv4: 0, IPv6: 72, Min Delay: -1 ms, Max Speed: 0.00 M/s, Avg Speed: 0.00 M/s, Max Resolution: None
Category: 🏀┃体育频道, Name: 劲爆体育, Total: 7, Valid: 0, Valid Percent: 0.00%, Whitelist: 0, IPv4: 0, IPv6: 7, Min Delay: -1 ms, Max Speed: 0.00 M/s, Avg Speed: 0.00 M/s, Max Resolution: None
Category: 🏀┃体育频道, Name: 爱体育, Total: 5, Valid: 0, Valid Percent: 0.00%, Whitelist: 0, IPv4: 0, IPv6: 5, Min Delay: -1 ms, Max Speed: 0.00 M/s, Avg Speed: 0.00 M/s, Max Resolution: None
Category: 🏀┃体育频道, Name: 广州竞赛, Total: 25, Valid: 0, Valid Percent: 0.00%, Whitelist: 0, IPv4: 0, IPv6: 25, Min Delay: -1 ms, Max Speed: 0.00 M/s, Avg Speed: 0.00 M/s, Max Resolution: None
Category: 🏀┃体育频道, Name: 辽宁体育, Total: 1, Valid: 0, Valid Percent: 0.00%, Whitelist: 0, IPv4: 0, IPv6: 1, Min Delay: -1 ms, Max Speed: 0.00 M/s, Avg Speed: 0.00 M/s, Max Resolution: None
Category: 🏀┃体育频道, Name: 山东体育, Total: 11, Valid: 0, Valid Percent: 0.00%, Whitelist: 0, IPv4: 0, IPv6: 11, Min Delay: -1 ms, Max Speed: 0.00 M/s, Avg Speed: 0.00 M/s, Max Resolution: None
Category: 🏀┃体育频道, Name: 天津体育, Total: 3, Valid: 3, Valid Percent: 100.00%, Whitelist: 0, IPv4: 3, IPv6: 0, Min Delay: 666 ms, Max Speed: 3.17 M/s, Avg Speed: 1.06 M/s, Max Resolution: 1280x720
Category: 🏀┃体育频道, Name: 江苏体育, Total: 38, Valid: 0, Valid Percent: 0.00%, Whitelist: 0, IPv4: 0, IPv6: 38, Min Delay: -1 ms, Max Speed: 0.00 M/s, Avg Speed: 0.00 M/s, Max Resolution: None
Category: 🏀┃体育频道, Name: 安徽综艺体育, Total: 5, Valid: 0, Valid Percent: 0.00%, Whitelist: 0, IPv4: 0, IPv6: 5, Min Delay: -1 ms, Max Speed: 0.00 M/s, Avg Speed: 0.00 M/s, Max Resolution: None
Category: 🏀┃体育频道, Name: 睛彩篮球, Total: 4, Valid: 0, Valid Percent: 0.00%, Whitelist: 0, IPv4: 0, IPv6: 4, Min Delay: -1 ms, Max Speed: 0.00 M/s, Avg Speed: 0.00 M/s, Max Resolution: None
Category: 🏀┃体育频道, Name: 睛彩广场舞, Total: 19, Valid: 2, Valid Percent: 10.53%, Whitelist: 0, IPv4: 2, IPv6: 17, Min Delay: 459 ms, Max Speed: 0.91 M/s, Avg Speed: 0.54 M/s, Max Resolution: 1920x1080
Category: 🏀┃体育频道, Name: 风云足球, Total: 5, Valid: 0, Valid Percent: 0.00%, Whitelist: 0, IPv4: 0, IPv6: 5, Min Delay: -1 ms, Max Speed: 0.00 M/s, Avg Speed: 0.00 M/s, Max Resolution: None
Category: 🏀┃体育频道, Name: 魅力足球, Total: 11, Valid: 0, Valid Percent: 0.00%, Whitelist: 0, IPv4: 0, IPv6: 11, Min Delay: -1 ms, Max Speed: 0.00 M/s, Avg Speed: 0.00 M/s, Max Resolution: None
Category: 🏀┃体育频道, Name: 天元围棋, Total: 1, Valid: 0, Valid Percent: 0.00%, Whitelist: 0, IPv4: 0, IPv6: 1, Min Delay: -1 ms, Max Speed: 0.00 M/s, Avg Speed: 0.00 M/s, Max Resolution: None
Category: 🏀┃体育频道, Name: 快乐垂钓, Total: 26, Valid: 2, Valid Percent: 7.69%, Whitelist: 0, IPv4: 2, IPv6: 24, Min Delay: 138 ms, Max Speed: 7.16 M/s, Avg Speed: 6.99 M/s, Max Resolution: 1920x1080
Category: 🏀┃体育频道, Name: JJ斗地主, Total: 1, Valid: 0, Valid Percent: 0.00%, Whitelist: 0, IPv4: 0, IPv6: 1, Min Delay: -1 ms, Max Speed: 0.00 M/s, Avg Speed: 0.00 M/s, Max Resolution: None
Category: 📚┃动画频道, Name: 卡酷动画, Total: 57, Valid: 0, Valid Percent: 0.00%, Whitelist: 0, IPv4: 0, IPv6: 57, Min Delay: -1 ms, Max Speed: 0.00 M/s, Avg Speed: 0.00 M/s, Max Resolution: None
Category: 📚┃动画频道, Name: 动漫秀场, Total: 21, Valid: 0, Valid Percent: 0.00%, Whitelist: 0, IPv4: 0, IPv6: 21, Min Delay: -1 ms, Max Speed: 0.00 M/s, Avg Speed: 0.00 M/s, Max Resolution: None
Category: 📚┃动画频道, Name: 新动漫, Total: 31, Valid: 2, Valid Percent: 6.45%, Whitelist: 0, IPv4: 2, IPv6: 29, Min Delay: 130 ms, Max Speed: 7.16 M/s, Avg Speed: 6.93 M/s, Max Resolution: 1920x1080
Category: 📚┃动画频道, Name: 青春动漫, Total: 2, Valid: 0, Valid Percent: 0.00%, Whitelist: 0, IPv4: 0, IPv6: 2, Min Delay: -1 ms, Max Speed: 0.00 M/s, Avg Speed: 0.00 M/s, Max Resolution: None
Category: 📚┃动画频道, Name: 爱动漫, Total: 5, Valid: 0, Valid Percent: 0.00%, Whitelist: 0, IPv4: 0, IPv6: 5, Min Delay: -1 ms, Max Speed: 0.00 M/s, Avg Speed: 0.00 M/s, Max Resolution: None
Category: 📚┃动画频道, Name: 宝宝动画, Total: 1, Valid: 0, Valid Percent: 0.00%, Whitelist: 0, IPv4: 0, IPv6: 1, Min Delay: -1 ms, Max Speed: 0.00 M/s, Avg Speed: 0.00 M/s, Max Resolution: None
Category: 📚┃动画频道, Name: CN卡通, Total: 3, Valid: 0, Valid Percent: 0.00%, Whitelist: 0, IPv4: 0, IPv6: 3, Min Delay: -1 ms, Max Speed: 0.00 M/s, Avg Speed: 0.00 M/s, Max Resolution: None
Category: 📚┃动画频道, Name: 优漫卡通, Total: 65, Valid: 0, Valid Percent: 0.00%, Whitelist: 0, IPv4: 0, IPv6: 65, Min Delay: -1 ms, Max Speed: 0.00 M/s, Avg Speed: 0.00 M/s, Max Resolution: None
Category: 📚┃动画频道, Name: 金鹰卡通, Total: 34, Valid: 0, Valid Percent: 0.00%, Whitelist: 0, IPv4: 0, IPv6: 34, Min Delay: -1 ms, Max Speed: 0.00 M/s, Avg Speed: 0.00 M/s, Max Resolution: None
Category: 📚┃动画频道, Name: 炫动卡通, Total: 65, Valid: 0, Valid Percent: 0.00%, Whitelist: 0, IPv4: 0, IPv6: 65, Min Delay: -1 ms, Max Speed: 0.00 M/s, Avg Speed: 0.00 M/s, Max Resolution: None
Category: 📚┃动画频道, Name: 浙江少儿, Total: 5, Valid: 0, Valid Percent: 0.00%, Whitelist: 0, IPv4: 0, IPv6: 5, Min Delay: -1 ms, Max Speed: 0.00 M/s, Avg Speed: 0.00 M/s, Max Resolution: None
Category: 📚┃动画频道, Name: 河北少儿科教, Total: 11, Valid: 0, Valid Percent: 0.00%, Whitelist: 0, IPv4: 0, IPv6: 11, Min Delay: -1 ms, Max Speed: 0.00 M/s, Avg Speed: 0.00 M/s, Max Resolution: None
Category: 📚┃动画频道, Name: 七龙珠, Total: 1, Valid: 0, Valid Percent: 0.00%, Whitelist: 0, IPv4: 0, IPv6: 1, Min Delay: -1 ms, Max Speed: 0.00 M/s, Avg Speed: 0.00 M/s, Max Resolution: None
Category: 📚┃动画频道, Name: 火影忍者, Total: 1, Valid: 0, Valid Percent: 0.00%, Whitelist: 0, IPv4: 0, IPv6: 1, Min Delay: -1 ms, Max Speed: 0.00 M/s, Avg Speed: 0.00 M/s, Max Resolution: None
Category: 📚┃动画频道, Name: 海绵宝宝, Total: 3, Valid: 0, Valid Percent: 0.00%, Whitelist: 0, IPv4: 0, IPv6: 3, Min Delay: -1 ms, Max Speed: 0.00 M/s, Avg Speed: 0.00 M/s, Max Resolution: None
Category: 📚┃动画频道, Name: 中华小当家, Total: 3, Valid: 0, Valid Percent: 0.00%, Whitelist: 0, IPv4: 0, IPv6: 3, Min Delay: -1 ms, Max Speed: 0.00 M/s, Avg Speed: 0.00 M/s, Max Resolution: None
Category: 📚┃动画频道, Name: 猫和老鼠, Total: 6, Valid: 0, Valid Percent: 0.00%, Whitelist: 0, IPv4: 0, IPv6: 6, Min Delay: -1 ms, Max Speed: 0.00 M/s, Avg Speed: 0.00 M/s, Max Resolution: None
Category: 📚┃动画频道, Name: 经典动漫, Total: 1, Valid: 0, Valid Percent: 0.00%, Whitelist: 0, IPv4: 0, IPv6: 1, Min Delay: -1 ms, Max Speed: 0.00 M/s, Avg Speed: 0.00 M/s, Max Resolution: None
Category: 📚┃动画频道, Name: 蜡笔小新, Total: 1, Valid: 0, Valid Percent: 0.00%, Whitelist: 0, IPv4: 0, IPv6: 1, Min Delay: -1 ms, Max Speed: 0.00 M/s, Avg Speed: 0.00 M/s, Max Resolution: None
Category: 📚┃动画频道, Name: 漫画解说, Total: 2, Valid: 0, Valid Percent: 0.00%, Whitelist: 0, IPv4: 0, IPv6: 2, Min Delay: -1 ms, Max Speed: 0.00 M/s, Avg Speed: 0.00 M/s, Max Resolution: None
Category: 🎵┃音乐频道, Name: CCTV-15, Total: 108, Valid: 0, Valid Percent: 0.00%, Whitelist: 0, IPv4: 0, IPv6: 108, Min Delay: -1 ms, Max Speed: 0.00 M/s, Avg Speed: 0.00 M/s, Max Resolution: None
Category: 🎵┃音乐频道, Name: 风云音乐, Total: 2, Valid: 0, Valid Percent: 0.00%, Whitelist: 0, IPv4: 0, IPv6: 2, Min Delay: -1 ms, Max Speed: 0.00 M/s, Avg Speed: 0.00 M/s, Max Resolution: None
Category: 🎵┃音乐频道, Name: 音乐现场, Total: 2, Valid: 2, Valid Percent: 100.00%, Whitelist: 0, IPv4: 2, IPv6: 0, Min Delay: 76 ms, Max Speed: 1.27 M/s, Avg Speed: 1.14 M/s, Max Resolution: None
Category: 🎵┃音乐频道, Name: 潮流音乐, Total: 1, Valid: 1, Valid Percent: 100.00%, Whitelist: 0, IPv4: 1, IPv6: 0, Min Delay: 10801 ms, Max Speed: 0.02 M/s, Avg Speed: 0.02 M/s, Max Resolution: None
Category: 🎵┃音乐频道, Name: 音乐广播, Total: 37, Valid: 0, Valid Percent: 0.00%, Whitelist: 0, IPv4: 0, IPv6: 37, Min Delay: -1 ms, Max Speed: 0.00 M/s, Avg Speed: 0.00 M/s, Max Resolution: None
Category: 🏛┃经典剧场, Name: 笑傲江湖, Total: 9, Valid: 0, Valid Percent: 0.00%, Whitelist: 0, IPv4: 0, IPv6: 9, Min Delay: -1 ms, Max Speed: 0.00 M/s, Avg Speed: 0.00 M/s, Max Resolution: None
Category: 🏛┃经典剧场, Name: 天龙八部, Total: 6, Valid: 0, Valid Percent: 0.00%, Whitelist: 0, IPv4: 0, IPv6: 6, Min Delay: -1 ms, Max Speed: 0.00 M/s, Avg Speed: 0.00 M/s, Max Resolution: None
Category: 🏛┃经典剧场, Name: 鹿鼎记, Total: 3, Valid: 0, Valid Percent: 0.00%, Whitelist: 0, IPv4: 0, IPv6: 3, Min Delay: -1 ms, Max Speed: 0.00 M/s, Avg Speed: 0.00 M/s, Max Resolution: None
Category: 🏛┃经典剧场, Name: 仙剑奇侠传, Total: 1, Valid: 0, Valid Percent: 0.00%, Whitelist: 0, IPv4: 0, IPv6: 1, Min Delay: -1 ms, Max Speed: 0.00 M/s, Avg Speed: 0.00 M/s, Max Resolution: None
Category: 🏛┃经典剧场, Name: 西游记, Total: 4, Valid: 0, Valid Percent: 0.00%, Whitelist: 0, IPv4: 0, IPv6: 4, Min Delay: -1 ms, Max Speed: 0.00 M/s, Avg Speed: 0.00 M/s, Max Resolution: None
Category: 🏛┃经典剧场, Name: 三国演义, Total: 4, Valid: 0, Valid Percent: 0.00%, Whitelist: 0, IPv4: 0, IPv6: 4, Min Delay: -1 ms, Max Speed: 0.00 M/s, Avg Speed: 0.00 M/s, Max Resolution: None
Category: 🏛┃经典剧场, Name: 水浒传, Total: 1, Valid: 0, Valid Percent: 0.00%, Whitelist: 0, IPv4: 0, IPv6: 1, Min Delay: -1 ms, Max Speed: 0.00 M/s, Avg Speed: 0.00 M/s, Max Resolution: None
Category: 🏛┃经典剧场, Name: 新白娘子传奇, Total: 3, Valid: 0, Valid Percent: 0.00%, Whitelist: 0, IPv4: 0, IPv6: 3, Min Delay: -1 ms, Max Speed: 0.00 M/s, Avg Speed: 0.00 M/s, Max Resolution: None
Category: 🏛┃经典剧场, Name: 济公游记, Total: 1, Valid: 0, Valid Percent: 0.00%, Whitelist: 0, IPv4: 0, IPv6: 1, Min Delay: -1 ms, Max Speed: 0.00 M/s, Avg Speed: 0.00 M/s, Max Resolution: None
Category: 🏛┃经典剧场, Name: 封神榜, Total: 6, Valid: 0, Valid Percent: 0.00%, Whitelist: 0, IPv4: 0, IPv6: 6, Min Delay: -1 ms, Max Speed: 0.00 M/s, Avg Speed: 0.00 M/s, Max Resolution: None
Category: 🏛┃经典剧场, Name: 闯关东, Total: 1, Valid: 1, Valid Percent: 100.00%, Whitelist: 0, IPv4: 1, IPv6: 0, Min Delay: 1173 ms, Max Speed: 0.21 M/s, Avg Speed: 0.21 M/s, Max Resolution: 800x600
Category: 🏛┃经典剧场, Name: 上海滩, Total: 1, Valid: 0, Valid Percent: 0.00%, Whitelist: 0, IPv4: 0, IPv6: 1, Min Delay: -1 ms, Max Speed: 0.00 M/s, Avg Speed: 0.00 M/s, Max Resolution: None
Category: 🏛┃经典剧场, Name: 射雕英雄传, Total: 4, Valid: 0, Valid Percent: 0.00%, Whitelist: 0, IPv4: 0, IPv6: 4, Min Delay: -1 ms, Max Speed: 0.00 M/s, Avg Speed: 0.00 M/s, Max Resolution: None
